Archive member included to satisfy reference by file (symbol)

app/libapp.a(main.c.obj)      (--whole-archive)
zephyr/libzephyr.a(validate_libc.c.obj)
                              (--whole-archive)
zephyr/libzephyr.a(heap.c.obj)
                              (--whole-archive)
zephyr/libzephyr.a(cbprintf_packaged.c.obj)
                              (--whole-archive)
zephyr/libzephyr.a(clock.c.obj)
                              (--whole-archive)
zephyr/libzephyr.a(printk.c.obj)
                              (--whole-archive)
zephyr/libzephyr.a(sem.c.obj)
                              (--whole-archive)
zephyr/libzephyr.a(thread_entry.c.obj)
                              (--whole-archive)
zephyr/libzephyr.a(cbprintf_complete.c.obj)
                              (--whole-archive)
zephyr/libzephyr.a(assert.c.obj)
                              (--whole-archive)
zephyr/libzephyr.a(mpsc_pbuf.c.obj)
                              (--whole-archive)
zephyr/libzephyr.a(dec.c.obj)
                              (--whole-archive)
zephyr/libzephyr.a(hex.c.obj)
                              (--whole-archive)
zephyr/libzephyr.a(rb.c.obj)  (--whole-archive)
zephyr/libzephyr.a(timeutil.c.obj)
                              (--whole-archive)
zephyr/libzephyr.a(bitarray.c.obj)
                              (--whole-archive)
zephyr/libzephyr.a(bitmask.c.obj)
                              (--whole-archive)
zephyr/libzephyr.a(ring_buffer.c.obj)
                              (--whole-archive)
zephyr/libzephyr.a(last_section_id.c.obj)
                              (--whole-archive)
zephyr/libzephyr.a(configs.c.obj)
                              (--whole-archive)
zephyr/libzephyr.a(stm32cube_hal.c.obj)
                              (--whole-archive)
zephyr/libzephyr.a(soc_config.c.obj)
                              (--whole-archive)
zephyr/libzephyr.a(stm32_backup_domain.c.obj)
                              (--whole-archive)
zephyr/libzephyr.a(soc.c.obj)
                              (--whole-archive)
zephyr/libzephyr.a(log_core.c.obj)
                              (--whole-archive)
zephyr/libzephyr.a(log_mgmt.c.obj)
                              (--whole-archive)
zephyr/libzephyr.a(log_cache.c.obj)
                              (--whole-archive)
zephyr/libzephyr.a(log_msg.c.obj)
                              (--whole-archive)
zephyr/libzephyr.a(log_output.c.obj)
                              (--whole-archive)
zephyr/libzephyr.a(log_backend_uart.c.obj)
                              (--whole-archive)
zephyr/libzephyr.a(tracing_none.c.obj)
                              (--whole-archive)
zephyr/arch/common/libarch__common.a(sw_isr_common.c.obj)
                              (--whole-archive)
zephyr/arch/common/libarch__common.a(init.c.obj)
                              (--whole-archive)
zephyr/arch/common/libarch__common.a(xip.c.obj)
                              (--whole-archive)
zephyr/arch/arch/arm/core/libarch__arm__core.a(fatal.c.obj)
                              (--whole-archive)
zephyr/arch/arch/arm/core/libarch__arm__core.a(nmi.c.obj)
                              (--whole-archive)
zephyr/arch/arch/arm/core/libarch__arm__core.a(nmi_on_reset.S.obj)
                              (--whole-archive)
zephyr/arch/arch/arm/core/libarch__arm__core.a(tls.c.obj)
                              (--whole-archive)
zephyr/arch/arch/arm/core/cortex_m/libarch__arm__core__cortex_m.a(exc_exit.c.obj)
                              (--whole-archive)
zephyr/arch/arch/arm/core/cortex_m/libarch__arm__core__cortex_m.a(fault.c.obj)
                              (--whole-archive)
zephyr/arch/arch/arm/core/cortex_m/libarch__arm__core__cortex_m.a(fault_s.S.obj)
                              (--whole-archive)
zephyr/arch/arch/arm/core/cortex_m/libarch__arm__core__cortex_m.a(fpu.c.obj)
                              (--whole-archive)
zephyr/arch/arch/arm/core/cortex_m/libarch__arm__core__cortex_m.a(reset.S.obj)
                              (--whole-archive)
zephyr/arch/arch/arm/core/cortex_m/libarch__arm__core__cortex_m.a(scb.c.obj)
                              (--whole-archive)
zephyr/arch/arch/arm/core/cortex_m/libarch__arm__core__cortex_m.a(thread_abort.c.obj)
                              (--whole-archive)
zephyr/arch/arch/arm/core/cortex_m/libarch__arm__core__cortex_m.a(vector_table.S.obj)
                              (--whole-archive)
zephyr/arch/arch/arm/core/cortex_m/libarch__arm__core__cortex_m.a(swap_helper.S.obj)
                              (--whole-archive)
zephyr/arch/arch/arm/core/cortex_m/libarch__arm__core__cortex_m.a(irq_manage.c.obj)
                              (--whole-archive)
zephyr/arch/arch/arm/core/cortex_m/libarch__arm__core__cortex_m.a(prep_c.c.obj)
                              (--whole-archive)
zephyr/arch/arch/arm/core/cortex_m/libarch__arm__core__cortex_m.a(thread.c.obj)
                              (--whole-archive)
zephyr/arch/arch/arm/core/cortex_m/libarch__arm__core__cortex_m.a(cpu_idle.c.obj)
[...]
Memory Configuration

Name             Origin             Length             Attributes
FLASH            0x0000000008000000 0x0000000000020000 xr
RAM              0x0000000020000000 0x0000000000005000 xw
IDT_LIST         0x00000000ffff7fff 0x0000000000008000 xw
*default*        0x0000000000000000 0xffffffffffffffff

Linker script and memory map

                0x00000000080041cc                vfprintf = __l_vfprintf
                0x0000000000000000                vfscanf = __l_vfscanf
LOAD zephyr/CMakeFiles/zephyr_pre0.dir/misc/empty_file.c.obj
LOAD zephyr/CMakeFiles/offsets.dir/./arch/arm/core/offsets/offsets.c.obj
LOAD app/libapp.a
LOAD zephyr/libzephyr.a
LOAD zephyr/arch/common/libarch__common.a
LOAD zephyr/arch/arch/arm/core/libarch__arm__core.a
LOAD zephyr/arch/arch/arm/core/cortex_m/libarch__arm__core__cortex_m.a
LOAD zephyr/lib/libc/picolibc/liblib__libc__picolibc.a
LOAD zephyr/lib/libc/common/liblib__libc__common.a
LOAD zephyr/drivers/interrupt_controller/libdrivers__interrupt_controller.a
LOAD zephyr/drivers/adc/libdrivers__adc.a
LOAD zephyr/drivers/clock_control/libdrivers__clock_control.a
LOAD zephyr/drivers/console/libdrivers__console.a
LOAD zephyr/drivers/gpio/libdrivers__gpio.a
LOAD zephyr/drivers/pinctrl/libdrivers__pinctrl.a
LOAD zephyr/drivers/reset/libdrivers__reset.a
LOAD zephyr/drivers/serial/libdrivers__serial.a
LOAD zephyr/drivers/timer/libdrivers__timer.a
LOAD modules/hal_stm32/stm32cube/lib..__modules__hal__stm32__stm32cube.a
LOAD zephyr/kernel/libkernel.a
LOAD zephyr/arch/common/libisr_tables.a
LOAD c:\zephyr-sdk-0.17.4\arm-zephyr-eabi\bin\../lib/gcc/../../picolibc/arm-zephyr-eabi/lib/thumb/v7-m/nofp\libc.a
LOAD c:/zephyr-sdk-0.17.4/arm-zephyr-eabi/bin/../lib/gcc/arm-zephyr-eabi/12.2.0/thumb/v7-m/nofp\libgcc.a
                0x0000000000000004                _region_min_align = 0x4

.rel.plt        0x0000000008000000        0x0
 *(SORT_BY_ALIGNMENT(.rel.plt))
                [!provide]                        PROVIDE (__rel_iplt_start = .)
 *(SORT_BY_ALIGNMENT(.rel.iplt))
 .rel.iplt      0x0000000008000000        0x0 app/libapp.a(main.c.obj)
                [!provide]                        PROVIDE (__rel_iplt_end = .)

.rela.plt       0x0000000000000000        0x0
 *(SORT_BY_ALIGNMENT(.rela.plt))
                [!provide]                        PROVIDE (__rela_iplt_start = .)
 *(SORT_BY_ALIGNMENT(.rela.iplt))
                [!provide]                        PROVIDE (__rela_iplt_end = .)

.rel.dyn
 *(SORT_BY_ALIGNMENT(.rel.*))

.rela.dyn
 *(SORT_BY_ALIGNMENT(.rela.*))

/DISCARD/
 *(SORT_BY_ALIGNMENT(.plt))

/DISCARD/
 *(SORT_BY_ALIGNMENT(.iplt))
                0x0000000008000000                __rom_region_start = 0x8000000

rom_start       0x0000000008000000       0xec
                0x0000000008000000                __rom_start_address = .
 FILL mask 0x00
                0x0000000008000000                . = (. + (0x0 - (. - __rom_start_address)))
                0x0000000008000000                . = ALIGN (0x4)
                0x0000000008000000                . = ALIGN (0x80)
                0x0000000008000000                . = ALIGN (0x100)
                0x0000000008000000                _vector_start = .
 *(SORT_BY_ALIGNMENT(.exc_vector_table))
 *(SORT_BY_ALIGNMENT(.exc_vector_table.*))
 .exc_vector_table._vector_table_section
                0x0000000008000000       0x40 zephyr/arch/arch/arm/core/cortex_m/libarch__arm__core__cortex_m.a(vector_table.S.obj)
                0x0000000008000000                _vector_table
 *(SORT_BY_ALIGNMENT(.vectors))
                0x00000000080000ec                _vector_end = .
                0x0000000008000040                . = ALIGN (0x4)
 *(SORT_BY_ALIGNMENT(.gnu.linkonce.irq_vector_table*))
 .gnu.linkonce.irq_vector_table
                0x0000000008000040       0xac zephyr/arch/common/libisr_tables.a(isr_tables.c.obj)
                0x0000000008000040                _irq_vector_table
                0x00000000080000ec                _vector_end = .

text            0x00000000080000ec     0x5aec
                0x00000000080000ec                __text_region_start = .
 *(SORT_BY_ALIGNMENT(.text))
 .text          0x00000000080000ec       0x30 c:/zephyr-sdk-0.17.4/arm-zephyr-eabi/bin/../lib/gcc/arm-zephyr-eabi/12.2.0/thumb/v7-m/nofp\libgcc.a(_aeabi_uldivmod.o)
                0x00000000080000ec                __aeabi_uldivmod
 .text          0x000000000800011c        0x4 c:/zephyr-sdk-0.17.4/arm-zephyr-eabi/bin/../lib/gcc/arm-zephyr-eabi/12.2.0/thumb/v7-m/nofp\libgcc.a(_dvmd_tls.o)
                0x000000000800011c                __aeabi_idiv0
                0x000000000800011c                __aeabi_ldiv0
 .text          0x0000000008000120       0x10 c:\zephyr-sdk-0.17.4\arm-zephyr-eabi\bin\../lib/gcc/../../picolibc/arm-zephyr-eabi/lib/thumb/v7-m/nofp\libc.a(strlen.S.o)
                0x0000000008000120                strlen
 .text          0x0000000008000130       0x26 c:/zephyr-sdk-0.17.4/arm-zephyr-eabi/bin/../lib/gcc/arm-zephyr-eabi/12.2.0/thumb/v7-m/nofp\libgcc.a(_popcountsi2.o)
                0x0000000008000130                __popcountsi2
 .text          0x0000000008000156      0x2a0 c:/zephyr-sdk-0.17.4/arm-zephyr-eabi/bin/../lib/gcc/arm-zephyr-eabi/12.2.0/thumb/v7-m/nofp\libgcc.a(_udivmoddi4.o)
                0x0000000008000156                __udivmoddi4
 *(SORT_BY_ALIGNMENT(.text.*))
 *fill*         0x00000000080003f6        0x2 
 .text.smoke_thread
                0x00000000080003f8       0x80 app/libapp.a(main.c.obj)
                0x00000000080003f8                smoke_thread
 .text.flame_thread
                0x0000000008000478       0x74 app/libapp.a(main.c.obj)
                0x0000000008000478                flame_thread
 .text.main     0x00000000080004ec       0xd0 app/libapp.a(main.c.obj)
                0x00000000080004ec                main
 .text.cbvprintf_package
                0x00000000080005bc      0x3a4 zephyr/libzephyr.a(cbprintf_packaged.c.obj)
                0x00000000080005bc                cbvprintf_package
 .text.cbprintf_package_convert
                0x0000000008000960      0x3d0 zephyr/libzephyr.a(cbprintf_packaged.c.obj)
                0x0000000008000960                cbprintf_package_convert
 .text.__printk_hook_install
                0x0000000008000d30        0xc zephyr/libzephyr.a(printk.c.obj)
                0x0000000008000d30                __printk_hook_install
 .text.z_thread_entry
                0x0000000008000d3c       0x34 zephyr/libzephyr.a(thread_entry.c.obj)
                0x0000000008000d3c                z_thread_entry
 .text.st_stm32_common_config
                0x0000000008000d70       0x24 zephyr/libzephyr.a(soc_config.c.obj)
 .text.soc_early_init_hook
                0x0000000008000d94       0x20 zephyr/libzephyr.a(soc.c.obj)
                0x0000000008000d94                soc_early_init_hook
 .text.activate_foreach_backend
                0x0000000008000db4       0x64 zephyr/libzephyr.a(log_core.c.obj)
 .text.enable_logger
                0x0000000008000e18       0x5c zephyr/libzephyr.a(log_core.c.obj)
 .text.log_process_thread_timer_expiry_fn
                0x0000000008000e74        0xc zephyr/libzephyr.a(log_core.c.obj)
 .text.z_log_init
                0x0000000008000e80       0x94 zephyr/libzephyr.a(log_core.c.obj)
 .text.log_format_func_t_get
                0x0000000008000f14        0xc zephyr/libzephyr.a(log_core.c.obj)
                0x0000000008000f14                log_format_func_t_get
 .text.log_set_timestamp_func
                0x0000000008000f20       0x20 zephyr/libzephyr.a(log_core.c.obj)
                0x0000000008000f20                log_set_timestamp_func
 .text.z_log_notify_backend_enabled
                0x0000000008000f40       0x1c zephyr/libzephyr.a(log_core.c.obj)
                0x0000000008000f40                z_log_notify_backend_enabled
 .text.z_log_dropped
                0x0000000008000f5c       0x44 zephyr/libzephyr.a(log_core.c.obj)
                0x0000000008000f5c                z_log_dropped
 .text.z_log_dropped_read_and_clear
                0x0000000008000fa0       0x20 zephyr/libzephyr.a(log_core.c.obj)
                0x0000000008000fa0                z_log_dropped_read_and_clear
 .text.dropped_notify
                0x0000000008000fc0       0x30 zephyr/libzephyr.a(log_core.c.obj)
                0x0000000008000fc0                dropped_notify
 .text.z_log_msg_init
                0x0000000008000ff0       0x20 zephyr/libzephyr.a(log_core.c.obj)
                0x0000000008000ff0                z_log_msg_init
 .text.log_core_init
                0x0000000008001010       0x50 zephyr/libzephyr.a(log_core.c.obj)
                0x0000000008001010                log_core_init
 .text.z_log_msg_alloc
                0x0000000008001060       0x10 zephyr/libzephyr.a(log_core.c.obj)
                0x0000000008001060                z_log_msg_alloc
 .text.z_log_msg_local_claim
                0x0000000008001070        0xc zephyr/libzephyr.a(log_core.c.obj)
                0x0000000008001070                z_log_msg_local_claim
 .text.z_log_msg_free
                0x000000000800107c       0x10 zephyr/libzephyr.a(log_core.c.obj)
                0x000000000800107c                z_log_msg_free
 .text.z_log_msg_pending
                0x000000000800108c        0xc zephyr/libzephyr.a(log_core.c.obj)
                0x000000000800108c                z_log_msg_pending
 .text.z_impl_log_process
                0x0000000008001098       0xb4 zephyr/libzephyr.a(log_core.c.obj)
                0x0000000008001098                z_impl_log_process
 .text.z_impl_log_panic
                0x000000000800114c       0x44 zephyr/libzephyr.a(log_core.c.obj)
                0x000000000800114c                z_impl_log_panic
 .text.log_process_thread_func
                0x0000000008001190       0xa4 zephyr/libzephyr.a(log_core.c.obj)
 .text.z_log_msg_post_finalize
                0x0000000008001234       0x78 zephyr/libzephyr.a(log_core.c.obj)
 .text.z_log_msg_commit
                0x00000000080012ac       0x24 zephyr/libzephyr.a(log_core.c.obj)
                0x00000000080012ac                z_log_msg_commit
 .text.log_source_name_get
                0x00000000080012d0       0x1c zephyr/libzephyr.a(log_mgmt.c.obj)
                0x00000000080012d0                log_source_name_get
 .text.z_impl_z_log_msg_static_create
                0x00000000080012ec      0x108 zephyr/libzephyr.a(log_msg.c.obj)
                0x00000000080012ec                z_impl_z_log_msg_static_create
 .text.z_log_msg_runtime_vcreate
                0x00000000080013f4       0xa0 zephyr/libzephyr.a(log_msg.c.obj)
                0x00000000080013f4                z_log_msg_runtime_vcreate
 .text.log_msg_get_source_id
                0x0000000008001494       0x18 zephyr/libzephyr.a(log_msg.c.obj)
                0x0000000008001494                log_msg_get_source_id
 .text.print_formatted
                0x00000000080014ac       0x24 zephyr/libzephyr.a(log_output.c.obj)
 .text.newline_print
                0x00000000080014d0       0x1c zephyr/libzephyr.a(log_output.c.obj)
 .text.log_output_process
                0x00000000080014ec      0x2d4 zephyr/libzephyr.a(log_output.c.obj)
                0x00000000080014ec                log_output_process
 .text.log_output_dropped_process
                0x00000000080017c0       0x58 zephyr/libzephyr.a(log_output.c.obj)
                0x00000000080017c0                log_output_dropped_process
 .text.log_output_timestamp_freq_set
                0x0000000008001818       0x2c zephyr/libzephyr.a(log_output.c.obj)
                0x0000000008001818                log_output_timestamp_freq_set
 .text.char_out
                0x0000000008001844       0x24 zephyr/libzephyr.a(log_backend_uart.c.obj)
 .text.arch_bss_zero
                0x0000000008001868       0x18 zephyr/arch/common/libarch__common.a(init.c.obj)
                0x0000000008001868                arch_bss_zero
 .text.arch_data_copy
                0x0000000008001880       0x38 zephyr/arch/common/libarch__common.a(xip.c.obj)
                0x0000000008001880                arch_data_copy
 .text.z_arm_fatal_error
                0x00000000080018b8       0xb4 zephyr/arch/arch/arm/core/libarch__arm__core.a(fatal.c.obj)
                0x00000000080018b8                z_arm_fatal_error
 .text.z_SysNmiOnReset
                0x000000000800196c        0x8 zephyr/arch/arch/arm/core/libarch__arm__core.a(nmi_on_reset.S.obj)
                0x000000000800196c                z_SysNmiOnReset
 .text.arch_tls_stack_setup
                0x0000000008001974       0x40 zephyr/arch/arch/arm/core/libarch__arm__core.a(tls.c.obj)
                0x0000000008001974                arch_tls_stack_setup
 .text._HandlerModeExit
                0x00000000080019b4       0x20 zephyr/arch/arch/arm/core/cortex_m/libarch__arm__core__cortex_m.a(exc_exit.c.obj)
                0x00000000080019b4                z_arm_int_exit
                0x00000000080019b4                z_arm_exc_exit
 .text.mem_manage_fault.constprop.0
                0x00000000080019d4       0xac zephyr/arch/arch/arm/core/cortex_m/libarch__arm__core__cortex_m.a(fault.c.obj)
 .text.usage_fault.constprop.0
                0x0000000008001a80       0xa8 zephyr/arch/arch/arm/core/cortex_m/libarch__arm__core__cortex_m.a(fault.c.obj)
 .text.bus_fault.constprop.0
                0x0000000008001b28       0xb8 zephyr/arch/arch/arm/core/cortex_m/libarch__arm__core__cortex_m.a(fault.c.obj)
 .text.z_arm_fault
                0x0000000008001be0      0x1d0 zephyr/arch/arch/arm/core/cortex_m/libarch__arm__core__cortex_m.a(fault.c.obj)
                0x0000000008001be0                z_arm_fault
 .text.z_arm_fault_init
                0x0000000008001db0       0x18 zephyr/arch/arch/arm/core/cortex_m/libarch__arm__core__cortex_m.a(fault.c.obj)
                0x0000000008001db0                z_arm_fault_init
 .text.__fault  0x0000000008001dc8       0x14 zephyr/arch/arch/arm/core/cortex_m/libarch__arm__core__cortex_m.a(fault_s.S.obj)
                0x0000000008001dc8                z_arm_usage_fault
                0x0000000008001dc8                z_arm_mpu_fault
                0x0000000008001dc8                z_arm_exc_spurious
                0x0000000008001dc8                z_arm_debug_monitor
                0x0000000008001dc8                z_arm_hard_fault
                0x0000000008001dc8                z_arm_bus_fault
 .text._reset_section
                0x0000000008001ddc       0x34 zephyr/arch/arch/arm/core/cortex_m/libarch__arm__core__cortex_m.a(reset.S.obj)
                0x0000000008001ddc                __start
                0x0000000008001ddc                z_arm_reset
 .text.z_impl_k_thread_abort
                0x0000000008001e10       0x2c zephyr/arch/arch/arm/core/cortex_m/libarch__arm__core__cortex_m.a(thread_abort.c.obj)
                0x0000000008001e10                z_impl_k_thread_abort
 .text.z_arm_pendsv
                0x0000000008001e3c       0x54 zephyr/arch/arch/arm/core/cortex_m/libarch__arm__core__cortex_m.a(swap_helper.S.obj)
                0x0000000008001e3c                z_arm_pendsv
 .text.z_arm_svc
                0x0000000008001e90       0x24 zephyr/arch/arch/arm/core/cortex_m/libarch__arm__core__cortex_m.a(swap_helper.S.obj)
                0x0000000008001e90                z_arm_svc
 .text.arm_irq_enable
                0x0000000008001eb4       0x1c zephyr/arch/arch/arm/core/cortex_m/libarch__arm__core__cortex_m.a(irq_manage.c.obj)
                0x0000000008001eb4                arm_irq_enable
 .text.arm_irq_priority_set
                0x0000000008001ed0       0x2c zephyr/arch/arch/arm/core/cortex_m/libarch__arm__core__cortex_m.a(irq_manage.c.obj)
                0x0000000008001ed0                arm_irq_priority_set
 .text.relocate_vector_table
                0x0000000008001efc       0x20 zephyr/arch/arch/arm/core/cortex_m/libarch__arm__core__cortex_m.a(prep_c.c.obj)
                0x0000000008001efc                relocate_vector_table
 .text.arch_new_thread
                0x0000000008001f1c       0x38 zephyr/arch/arch/arm/core/cortex_m/libarch__arm__core__cortex_m.a(thread.c.obj)
                0x0000000008001f1c                arch_new_thread
 .text.arch_switch_to_main_thread
                0x0000000008001f54       0x38 zephyr/arch/arch/arm/core/cortex_m/libarch__arm__core__cortex_m.a(thread.c.obj)
                0x0000000008001f54                arch_switch_to_main_thread
 .text.z_arm_cpu_idle_init
                0x0000000008001f8c        0xc zephyr/arch/arch/arm/core/cortex_m/libarch__arm__core__cortex_m.a(cpu_idle.c.obj)
                0x0000000008001f8c                z_arm_cpu_idle_init
 .text.z_arm_interrupt_init
                0x0000000008001f98       0x18 zephyr/arch/arch/arm/core/cortex_m/libarch__arm__core__cortex_m.a(irq_init.c.obj)
                0x0000000008001f98                z_arm_interrupt_init
 .text._isr_wrapper
                0x0000000008001fb0       0x24 zephyr/arch/arch/arm/core/cortex_m/libarch__arm__core__cortex_m.a(isr_wrapper.c.obj)
                0x0000000008001fb0                _isr_wrapper
 .text.cbvprintf
                0x0000000008001fd4       0x38 zephyr/lib/libc/picolibc/liblib__libc__picolibc.a(cbprintf.c.obj)
                0x0000000008001fd4                cbvprintf
 .text.z_impl_zephyr_fputc
                0x000000000800200c       0x10 zephyr/lib/libc/picolibc/liblib__libc__picolibc.a(stdio.c.obj)
                0x000000000800200c                z_impl_zephyr_fputc
 .text.__stdout_hook_install
                0x000000000800201c       0x18 zephyr/lib/libc/picolibc/liblib__libc__picolibc.a(stdio.c.obj)
                0x000000000800201c                __stdout_hook_install
 .text.malloc_prepare
                0x0000000008002034       0x24 zephyr/lib/libc/common/liblib__libc__common.a(malloc.c.obj)
 .text.stm32_fill_irq_table
                0x0000000008002058       0x18 zephyr/drivers/interrupt_controller/libdrivers__interrupt_controller.a(intc_gpio_stm32.c.obj)
 .text.stm32_intc_gpio_isr
                0x0000000008002070       0x4c zephyr/drivers/interrupt_controller/libdrivers__interrupt_controller.a(intc_gpio_stm32.c.obj)
 .text.stm32_gpio_intc_enable_line
                0x00000000080020bc       0x2c zephyr/drivers/interrupt_controller/libdrivers__interrupt_controller.a(intc_gpio_stm32.c.obj)
                0x00000000080020bc                stm32_gpio_intc_enable_line
 .text.stm32_gpio_intc_disable_line
                0x00000000080020e8       0x10 zephyr/drivers/interrupt_controller/libdrivers__interrupt_controller.a(intc_gpio_stm32.c.obj)
                0x00000000080020e8                stm32_gpio_intc_disable_line
 .text.stm32_gpio_intc_select_line_trigger
                0x00000000080020f8       0x50 zephyr/drivers/interrupt_controller/libdrivers__interrupt_controller.a(intc_gpio_stm32.c.obj)
                0x00000000080020f8                stm32_gpio_intc_select_line_trigger
 .text.stm32_gpio_intc_set_irq_callback
                0x0000000008002148       0x40 zephyr/drivers/interrupt_controller/libdrivers__interrupt_controller.a(intc_gpio_stm32.c.obj)
                0x0000000008002148                stm32_gpio_intc_set_irq_callback
 .text.stm32_gpio_intc_remove_irq_callback
                0x0000000008002188       0x24 zephyr/drivers/interrupt_controller/libdrivers__interrupt_controller.a(intc_gpio_stm32.c.obj)
                0x0000000008002188                stm32_gpio_intc_remove_irq_callback
 .text.stm32_exti_get_line_src_port
                0x00000000080021ac       0x30 zephyr/drivers/interrupt_controller/libdrivers__interrupt_controller.a(intc_gpio_stm32.c.obj)
                0x00000000080021ac                stm32_exti_get_line_src_port
 .text.stm32_exti_is_pending
                0x00000000080021dc       0x38 zephyr/drivers/interrupt_controller/libdrivers__interrupt_controller.a(intc_exti_stm32.c.obj)
                0x00000000080021dc                stm32_exti_is_pending
 .text.stm32_exti_clear_pending
                0x0000000008002214       0x34 zephyr/drivers/interrupt_controller/libdrivers__interrupt_controller.a(intc_exti_stm32.c.obj)
                0x0000000008002214                stm32_exti_clear_pending
 .text.adc_stm32_channel_setup
                0x0000000008002248      0x108 zephyr/drivers/adc/libdrivers__adc.a(adc_stm32.c.obj)
 .text.adc_stm32_calibrate.isra.0
                0x0000000008002350       0x68 zephyr/drivers/adc/libdrivers__adc.a(adc_stm32.c.obj)
 .text.adc_stm32_read
                0x00000000080023b8      0x2ac zephyr/drivers/adc/libdrivers__adc.a(adc_stm32.c.obj)
 .text.adc_stm32_isr_18
                0x0000000008002664       0xc8 zephyr/drivers/adc/libdrivers__adc.a(adc_stm32.c.obj)
 .text.adc_stm32_init
                0x000000000800272c       0xb0 zephyr/drivers/adc/libdrivers__adc.a(adc_stm32.c.obj)
 .text.stm32_clock_control_get_subsys_rate
                0x00000000080027dc       0x84 zephyr/drivers/clock_control/libdrivers__clock_control.a(clock_stm32_ll_common.c.obj)
 .text.stm32_clock_control_init
                0x0000000008002860      0x108 zephyr/drivers/clock_control/libdrivers__clock_control.a(clock_stm32_ll_common.c.obj)
                0x0000000008002860                stm32_clock_control_init
 .text.config_pll_sysclock
                0x0000000008002968       0x1c zephyr/drivers/clock_control/libdrivers__clock_control.a(clock_stm32f1.c.obj)
                0x0000000008002968                config_pll_sysclock
 .text.uart_console_init
                0x0000000008002984       0x28 zephyr/drivers/console/libdrivers__console.a(uart_console.c.obj)
 .text.console_out
                0x00000000080029ac       0x28 zephyr/drivers/console/libdrivers__console.a(uart_console.c.obj)
 .text.gpio_stm32_pin_interrupt_configure
                0x00000000080029d4       0xb0 zephyr/drivers/gpio/libdrivers__gpio.a(gpio_stm32.c.obj)
 .text.gpio_stm32_init
                0x0000000008002a84       0x38 zephyr/drivers/gpio/libdrivers__gpio.a(gpio_stm32.c.obj)
 .text.pinctrl_configure_pins
                0x0000000008002abc       0xfc zephyr/drivers/pinctrl/libdrivers__pinctrl.a(pinctrl_stm32.c.obj)
                0x0000000008002abc                pinctrl_configure_pins
 .text.uart_stm32_set_baudrate
                0x0000000008002bb8       0xb4 zephyr/drivers/serial/libdrivers__serial.a(uart_stm32.c.obj)
 .text.uart_stm32_parameters_set
                0x0000000008002c6c      0x100 zephyr/drivers/serial/libdrivers__serial.a(uart_stm32.c.obj)
 .text.uart_stm32_init
                0x0000000008002d6c       0xf4 zephyr/drivers/serial/libdrivers__serial.a(uart_stm32.c.obj)
 .text.uart_stm32_configure
                0x0000000008002e60      0x134 zephyr/drivers/serial/libdrivers__serial.a(uart_stm32.c.obj)
 .text.elapsed  0x0000000008002f94       0x4c zephyr/drivers/timer/libdrivers__timer.a(cortex_m_systick.c.obj)
 .text.sys_clock_driver_init
                0x0000000008002fe0       0x38 zephyr/drivers/timer/libdrivers__timer.a(cortex_m_systick.c.obj)
 .text.sys_clock_isr
                0x0000000008003018       0x60 zephyr/drivers/timer/libdrivers__timer.a(cortex_m_systick.c.obj)
                0x0000000008003018                sys_clock_isr
 .text.sys_clock_set_timeout
                0x0000000008003078       0xfc zephyr/drivers/timer/libdrivers__timer.a(cortex_m_systick.c.obj)
                0x0000000008003078                sys_clock_set_timeout
 .text.sys_clock_elapsed
                0x0000000008003174       0x3c zephyr/drivers/timer/libdrivers__timer.a(cortex_m_systick.c.obj)
                0x0000000008003174                sys_clock_elapsed
 .text.HAL_RCC_GetSysClockFreq
                0x00000000080031b0       0x4c modules/hal_stm32/stm32cube/lib..__modules__hal__stm32__stm32cube.a(stm32f1xx_hal_rcc.c.obj)
                0x00000000080031b0                HAL_RCC_GetSysClockFreq
 .text.LL_SetFlashLatency
                0x00000000080031fc       0x4c modules/hal_stm32/stm32cube/lib..__modules__hal__stm32__stm32cube.a(stm32f1xx_ll_utils.c.obj)
                0x00000000080031fc                LL_SetFlashLatency
 .text.k_sys_fatal_error_handler
                0x0000000008003248       0x20 zephyr/kernel/libkernel.a(fatal.c.obj)
                0x0000000008003248                k_sys_fatal_error_handler
 .text.z_fatal_error
                0x0000000008003268       0xe8 zephyr/kernel/libkernel.a(fatal.c.obj)
                0x0000000008003268                z_fatal_error
 .text.z_sys_init_run_level
                0x0000000008003350       0x30 zephyr/kernel/libkernel.a(init.c.obj)
 .text.bg_thread_main
                0x0000000008003380       0xc0 zephyr/kernel/libkernel.a(init.c.obj)
 .text.z_init_cpu
                0x0000000008003440       0x68 zephyr/kernel/libkernel.a(init.c.obj)
                0x0000000008003440                z_init_cpu
 .text.z_cstart
                0x00000000080034a8       0xc8 zephyr/kernel/libkernel.a(init.c.obj)
                0x00000000080034a8                z_cstart
 .text.z_impl_k_sem_give
                0x0000000008003570       0x68 zephyr/kernel/libkernel.a(sem.c.obj)
                0x0000000008003570                z_impl_k_sem_give
 .text.z_impl_k_sem_take
                0x00000000080035d8       0x4c zephyr/kernel/libkernel.a(sem.c.obj)
                0x00000000080035d8                z_impl_k_sem_take
 .text.z_setup_new_thread
                0x0000000008003624       0x70 zephyr/kernel/libkernel.a(thread.c.obj)
                0x0000000008003624                z_setup_new_thread
 .text.z_impl_k_thread_create
                0x0000000008003694       0x58 zephyr/kernel/libkernel.a(thread.c.obj)
                0x0000000008003694                z_impl_k_thread_create
 .text.z_dummy_thread_init
                0x00000000080036ec       0x14 zephyr/kernel/libkernel.a(thread.c.obj)
                0x00000000080036ec                z_dummy_thread_init
 .text.z_swap_irqlock
                0x0000000008003700       0x30 zephyr/kernel/libkernel.a(sched.c.obj)
 .text.ready_thread
                0x0000000008003730       0x84 zephyr/kernel/libkernel.a(sched.c.obj)
 .text.unready_thread
                0x00000000080037b4       0x54 zephyr/kernel/libkernel.a(sched.c.obj)
 .text.add_thread_timeout
                0x0000000008003808       0x1c zephyr/kernel/libkernel.a(sched.c.obj)
 .text.move_thread_to_end_of_prio_q
                0x0000000008003824       0x90 zephyr/kernel/libkernel.a(sched.c.obj)
                0x0000000008003824                move_thread_to_end_of_prio_q
 .text.z_pend_curr
                0x00000000080038b4       0x44 zephyr/kernel/libkernel.a(sched.c.obj)
                0x00000000080038b4                z_pend_curr
 .text.z_reschedule
                0x00000000080038f8       0x24 zephyr/kernel/libkernel.a(sched.c.obj)
                0x00000000080038f8                z_reschedule
 .text.z_reschedule_irqlock
                0x000000000800391c       0x28 zephyr/kernel/libkernel.a(sched.c.obj)
                0x000000000800391c                z_reschedule_irqlock
 .text.k_sched_lock
                0x0000000008003944       0x28 zephyr/kernel/libkernel.a(sched.c.obj)
                0x0000000008003944                k_sched_lock
 .text.k_sched_unlock
                0x000000000800396c       0x68 zephyr/kernel/libkernel.a(sched.c.obj)
                0x000000000800396c                k_sched_unlock
 .text.z_sched_init
                0x00000000080039d4       0x10 zephyr/kernel/libkernel.a(sched.c.obj)
                0x00000000080039d4                z_sched_init
 .text.z_impl_k_yield
                0x00000000080039e4       0x88 zephyr/kernel/libkernel.a(sched.c.obj)
                0x00000000080039e4                z_impl_k_yield
 .text.z_tick_sleep
                0x0000000008003a6c       0x78 zephyr/kernel/libkernel.a(sched.c.obj)
 .text.z_impl_k_wakeup
                0x0000000008003ae4       0x48 zephyr/kernel/libkernel.a(sched.c.obj)
                0x0000000008003ae4                z_impl_k_wakeup
 .text.z_impl_k_sched_current_thread_query
                0x0000000008003b2c        0xc zephyr/kernel/libkernel.a(sched.c.obj)
                0x0000000008003b2c                z_impl_k_sched_current_thread_query
 .text.z_thread_abort
                0x0000000008003b38      0x140 zephyr/kernel/libkernel.a(sched.c.obj)
                0x0000000008003b38                z_thread_abort
 .text.slice_timeout
                0x0000000008003c78       0x20 zephyr/kernel/libkernel.a(timeslicing.c.obj)
 .text.thread_is_sliceable
                0x0000000008003c98       0x3c zephyr/kernel/libkernel.a(timeslicing.c.obj)
                0x0000000008003c98                thread_is_sliceable
 .text.z_reset_time_slice
                0x0000000008003cd4       0x50 zephyr/kernel/libkernel.a(timeslicing.c.obj)
                0x0000000008003cd4                z_reset_time_slice
 .text.z_time_slice
                0x0000000008003d24       0x60 zephyr/kernel/libkernel.a(timeslicing.c.obj)
                0x0000000008003d24                z_time_slice
 .text.first    0x0000000008003d84       0x10 zephyr/kernel/libkernel.a(timeout.c.obj)
 .text.elapsed  0x0000000008003d94       0x14 zephyr/kernel/libkernel.a(timeout.c.obj)
 .text.remove_timeout
                0x0000000008003da8       0x38 zephyr/kernel/libkernel.a(timeout.c.obj)
 .text.z_add_timeout
                0x0000000008003de0      0x120 zephyr/kernel/libkernel.a(timeout.c.obj)
                0x0000000008003de0                z_add_timeout
 .text.sys_clock_announce
                0x0000000008003f00       0xbc zephyr/kernel/libkernel.a(timeout.c.obj)
                0x0000000008003f00                sys_clock_announce
 .text.sys_clock_tick_get
                0x0000000008003fbc       0x30 zephyr/kernel/libkernel.a(timeout.c.obj)
                0x0000000008003fbc                sys_clock_tick_get
 .text.z_timer_expiration_handler
                0x0000000008003fec      0x110 zephyr/kernel/libkernel.a(timer.c.obj)
                0x0000000008003fec                z_timer_expiration_handler
 .text.z_impl_k_timer_start
                0x00000000080040fc       0x70 zephyr/kernel/libkernel.a(timer.c.obj)
                0x00000000080040fc                z_impl_k_timer_start
 .text.boot_banner
                0x000000000800416c        0xc zephyr/kernel/libkernel.a(banner.c.obj)
                0x000000000800416c                boot_banner
 .text.snprintf
                0x0000000008004178       0x54 c:\zephyr-sdk-0.17.4\arm-zephyr-eabi\bin\../lib/gcc/../../picolibc/arm-zephyr-eabi/lib/thumb/v7-m/nofp\libc.a(libc_tinystdio_snprintf.c.o)
                0x0000000008004178                snprintf
 .text.__l_vfprintf
                0x00000000080041cc      0x4b8 c:\zephyr-sdk-0.17.4\arm-zephyr-eabi\bin\../lib/gcc/../../picolibc/arm-zephyr-eabi/lib/thumb/v7-m/nofp\libc.a(libc_tinystdio_vflprintf.c.o)
                0x00000000080041cc                __l_vfprintf
 .text._OffsetAbsSyms
                0x0000000008004684        0x2 zephyr/CMakeFiles/offsets.dir/./arch/arm/core/offsets/offsets.c.obj
                0x0000000008004684                _OffsetAbsSyms
 .text.gpio_pin_set.isra.0
                0x0000000008004686       0x20 app/libapp.a(main.c.obj)
 .text.chunk_size
                0x00000000080046a6        0xa zephyr/libzephyr.a(heap.c.obj)
 .text.free_list_add
                0x00000000080046b0       0x4e zephyr/libzephyr.a(heap.c.obj)
 .text.sys_heap_init
                0x00000000080046fe       0x7a zephyr/libzephyr.a(heap.c.obj)
                0x00000000080046fe                sys_heap_init
 .text.cbpprintf_external
                0x0000000008004778       0x62 zephyr/libzephyr.a(cbprintf_packaged.c.obj)
                0x0000000008004778                cbpprintf_external
 .text.is_ptr   0x00000000080047da       0x4a zephyr/libzephyr.a(cbprintf_packaged.c.obj)
                0x00000000080047da                is_ptr
 .text.arch_printk_char_out
                0x0000000008004824        0x4 zephyr/libzephyr.a(printk.c.obj)
                0x0000000008004824                arch_printk_char_out
 .text.printk   0x0000000008004828       0x1a zephyr/libzephyr.a(printk.c.obj)
                0x0000000008004828                printk
 .text.free_space
                0x0000000008004842       0x26 zephyr/libzephyr.a(mpsc_pbuf.c.obj)
 .text.get_usage
                0x0000000008004868       0x22 zephyr/libzephyr.a(mpsc_pbuf.c.obj)
 .text.idx_inc  0x000000000800488a       0x1c zephyr/libzephyr.a(mpsc_pbuf.c.obj)
 .text.rd_idx_inc
                0x00000000080048a6       0x18 zephyr/libzephyr.a(mpsc_pbuf.c.obj)
 .text.add_skip_item
                0x00000000080048be       0x3e zephyr/libzephyr.a(mpsc_pbuf.c.obj)
 .text.drop_item_locked
                0x00000000080048fc      0x100 zephyr/libzephyr.a(mpsc_pbuf.c.obj)
 .text.post_drop_action
                0x00000000080049fc       0x36 zephyr/libzephyr.a(mpsc_pbuf.c.obj)
 .text.max_utilization_update
                0x0000000008004a32       0x1a zephyr/libzephyr.a(mpsc_pbuf.c.obj)
 .text.mpsc_pbuf_init
                0x0000000008004a4c       0x42 zephyr/libzephyr.a(mpsc_pbuf.c.obj)
                0x0000000008004a4c                mpsc_pbuf_init
 .text.mpsc_pbuf_alloc
                0x0000000008004a8e       0xfe zephyr/libzephyr.a(mpsc_pbuf.c.obj)
                0x0000000008004a8e                mpsc_pbuf_alloc
 .text.mpsc_pbuf_commit
                0x0000000008004b8c       0x3e zephyr/libzephyr.a(mpsc_pbuf.c.obj)
                0x0000000008004b8c                mpsc_pbuf_commit
 .text.mpsc_pbuf_claim
                0x0000000008004bca       0xa8 zephyr/libzephyr.a(mpsc_pbuf.c.obj)
                0x0000000008004bca                mpsc_pbuf_claim
 .text.mpsc_pbuf_free
                0x0000000008004c72       0x76 zephyr/libzephyr.a(mpsc_pbuf.c.obj)
                0x0000000008004c72                mpsc_pbuf_free
 .text.mpsc_pbuf_is_pending
                0x0000000008004ce8       0x32 zephyr/libzephyr.a(mpsc_pbuf.c.obj)
                0x0000000008004ce8                mpsc_pbuf_is_pending
 .text._ConfigAbsSyms
                0x0000000008004d1a        0x2 zephyr/libzephyr.a(configs.c.obj)
                0x0000000008004d1a                _ConfigAbsSyms
 .text.log_msg_generic_get_wlen
                0x0000000008004d1c       0x20 zephyr/libzephyr.a(log_core.c.obj)
 .text.dummy_timestamp
                0x0000000008004d3c        0x4 zephyr/libzephyr.a(log_core.c.obj)
 .text.atomic_inc
                0x0000000008004d40       0x1a zephyr/libzephyr.a(log_core.c.obj)
 .text.default_lf_get_timestamp
                0x0000000008004d5a       0x10 zephyr/libzephyr.a(log_core.c.obj)
 .text.z_log_vprintk
                0x0000000008004d6a       0x1c zephyr/libzephyr.a(log_core.c.obj)
                0x0000000008004d6a                z_log_vprintk
 .text.z_log_notify_drop
                0x0000000008004d86        0x6 zephyr/libzephyr.a(log_core.c.obj)
 .text.z_log_get_tag
                0x0000000008004d8c        0x4 zephyr/libzephyr.a(log_core.c.obj)
                0x0000000008004d8c                z_log_get_tag
 .text.log_backend_enable
                0x0000000008004d90       0x12 zephyr/libzephyr.a(log_mgmt.c.obj)
                0x0000000008004d90                log_backend_enable
 .text.z_cbprintf_cpy
                0x0000000008004da2       0x2e zephyr/libzephyr.a(log_msg.c.obj)
 .text.z_log_msg_finalize
                0x0000000008004dd0       0x32 zephyr/libzephyr.a(log_msg.c.obj)
                0x0000000008004dd0                z_log_msg_finalize
 .text.z_log_msg_simple_create
                0x0000000008004e02       0x6e zephyr/libzephyr.a(log_msg.c.obj)
 .text.z_impl_z_log_msg_simple_create_0
                0x0000000008004e70       0x12 zephyr/libzephyr.a(log_msg.c.obj)
                0x0000000008004e70                z_impl_z_log_msg_simple_create_0
 .text.z_impl_z_log_msg_simple_create_1
                0x0000000008004e82       0x14 zephyr/libzephyr.a(log_msg.c.obj)
                0x0000000008004e82                z_impl_z_log_msg_simple_create_1
 .text.z_impl_z_log_msg_simple_create_2
                0x0000000008004e96       0x18 zephyr/libzephyr.a(log_msg.c.obj)
                0x0000000008004e96                z_impl_z_log_msg_simple_create_2
 .text.log_output_write
                0x0000000008004eae       0x1c zephyr/libzephyr.a(log_output.c.obj)
 .text.log_output_flush
                0x0000000008004eca       0x18 zephyr/libzephyr.a(log_output.c.obj)
 .text.out_func
                0x0000000008004ee2       0x36 zephyr/libzephyr.a(log_output.c.obj)
 .text.cr_out_func
                0x0000000008004f18       0x1c zephyr/libzephyr.a(log_output.c.obj)
 .text.log_output_msg_process
                0x0000000008004f34       0x6a zephyr/libzephyr.a(log_output.c.obj)
                0x0000000008004f34                log_output_msg_process
 .text.format_set
                0x0000000008004f9e        0xc zephyr/libzephyr.a(log_backend_uart.c.obj)
 .text.log_backend_uart_init
                0x0000000008004faa        0xc zephyr/libzephyr.a(log_backend_uart.c.obj)
 .text.panic    0x0000000008004fb6       0x32 zephyr/libzephyr.a(log_backend_uart.c.obj)
 .text.dropped  0x0000000008004fe8        0xa zephyr/libzephyr.a(log_backend_uart.c.obj)
 .text.process  0x0000000008004ff2       0x1e zephyr/libzephyr.a(log_backend_uart.c.obj)
 .text.arch_early_memset
                0x0000000008005010        0x4 zephyr/arch/common/libarch__common.a(init.c.obj)
                0x0000000008005010                arch_early_memset
 .text.arch_early_memcpy
                0x0000000008005014        0x4 zephyr/arch/common/libarch__common.a(init.c.obj)
                0x0000000008005014                arch_early_memcpy
 .text.z_do_kernel_oops
                0x0000000008005018        0x8 zephyr/arch/arch/arm/core/libarch__arm__core.a(fatal.c.obj)
                0x0000000008005018                z_do_kernel_oops
 .text.z_arm_nmi
                0x0000000008005020        0xe zephyr/arch/arch/arm/core/libarch__arm__core.a(nmi.c.obj)
                0x0000000008005020                z_arm_nmi
 .text.z_log_msg_simple_create_0.constprop.0
                0x000000000800502e        0x8 zephyr/arch/arch/arm/core/cortex_m/libarch__arm__core__cortex_m.a(fault.c.obj)
 .text.z_irq_spurious
                0x0000000008005036        0x8 zephyr/arch/arch/arm/core/cortex_m/libarch__arm__core__cortex_m.a(irq_manage.c.obj)
                0x0000000008005036                z_irq_spurious
 .text.z_prep_c
                0x000000000800503e       0x16 zephyr/arch/arch/arm/core/cortex_m/libarch__arm__core__cortex_m.a(prep_c.c.obj)
                0x000000000800503e                z_prep_c
 .text.arch_coprocessors_disable
                0x0000000008005054        0x6 zephyr/arch/arch/arm/core/cortex_m/libarch__arm__core__cortex_m.a(thread.c.obj)
                0x0000000008005054                arch_coprocessors_disable
 .text.arch_irq_unlock_outlined
                0x000000000800505a        0xe zephyr/arch/arch/arm/core/cortex_m/libarch__arm__core__cortex_m.a(thread.c.obj)
                0x000000000800505a                arch_irq_unlock_outlined
 .text.arch_cpu_idle
                0x0000000008005068       0x1a zephyr/arch/arch/arm/core/cortex_m/libarch__arm__core__cortex_m.a(cpu_idle.c.obj)
                0x0000000008005068                arch_cpu_idle
 .text.cbputc   0x0000000008005082        0xc zephyr/lib/libc/picolibc/liblib__libc__picolibc.a(cbprintf.c.obj)
 .text.picolibc_put
                0x000000000800508e        0xa zephyr/lib/libc/picolibc/liblib__libc__picolibc.a(stdio.c.obj)
 .text.stm32_exti_gpio_intc_init
                0x0000000008005098       0x92 zephyr/drivers/interrupt_controller/libdrivers__interrupt_controller.a(intc_gpio_stm32.c.obj)
 .text.stm32_gpio_intc_get_pin_irq_line
                0x000000000800512a        0xa zephyr/drivers/interrupt_controller/libdrivers__interrupt_controller.a(intc_gpio_stm32.c.obj)
                0x000000000800512a                stm32_gpio_intc_get_pin_irq_line
 .text.stm32_exti_set_line_src_port
                0x0000000008005134       0x36 zephyr/drivers/interrupt_controller/libdrivers__interrupt_controller.a(intc_gpio_stm32.c.obj)
                0x0000000008005134                stm32_exti_set_line_src_port
 .text.stm32_exti_init
                0x000000000800516a        0x4 zephyr/drivers/interrupt_controller/libdrivers__interrupt_controller.a(intc_exti_stm32.c.obj)
 .text.adc_stm32_isr_18_init
                0x000000000800516e       0x16 zephyr/drivers/adc/libdrivers__adc.a(adc_stm32.c.obj)
 .text.z_log_msg_simple_create_0.constprop.0
                0x0000000008005184        0x8 zephyr/drivers/adc/libdrivers__adc.a(adc_stm32.c.obj)
 .text.adc_context_start_sampling
                0x000000000800518c       0x16 zephyr/drivers/adc/libdrivers__adc.a(adc_stm32.c.obj)
 .text.adc_context_on_timer_expired
                0x00000000080051a2       0x2e zephyr/drivers/adc/libdrivers__adc.a(adc_stm32.c.obj)
 .text.stm32_clock_control_on
                0x00000000080051d0       0x44 zephyr/drivers/clock_control/libdrivers__clock_control.a(clock_stm32_ll_common.c.obj)
 .text.stm32_clock_control_off
                0x0000000008005214       0x2c zephyr/drivers/clock_control/libdrivers__clock_control.a(clock_stm32_ll_common.c.obj)
 .text.enabled_clock
                0x0000000008005240       0x1e zephyr/drivers/clock_control/libdrivers__clock_control.a(clock_stm32_ll_common.c.obj)
                0x0000000008005240                enabled_clock
 .text.stm32_clock_control_configure
                0x000000000800525e       0x52 zephyr/drivers/clock_control/libdrivers__clock_control.a(clock_stm32_ll_common.c.obj)
 .text.stm32_clock_control_get_status
                0x00000000080052b0       0x38 zephyr/drivers/clock_control/libdrivers__clock_control.a(clock_stm32_ll_common.c.obj)
 .text.config_regulator_voltage
                0x00000000080052e8        0x2 zephyr/drivers/clock_control/libdrivers__clock_control.a(clock_stm32_ll_common.c.obj)
                0x00000000080052e8                config_regulator_voltage
 .text.get_pllout_frequency
                0x00000000080052ea        0x4 zephyr/drivers/clock_control/libdrivers__clock_control.a(clock_stm32f1.c.obj)
                0x00000000080052ea                get_pllout_frequency
 .text.config_enable_default_clocks
                0x00000000080052ee        0x2 zephyr/drivers/clock_control/libdrivers__clock_control.a(clock_stm32f1.c.obj)
                0x00000000080052ee                config_enable_default_clocks
 .text.gpio_stm32_port_get_raw
                0x00000000080052f0        0xc zephyr/drivers/gpio/libdrivers__gpio.a(gpio_stm32.c.obj)
 .text.gpio_stm32_port_set_masked_raw
                0x00000000080052fc       0x12 zephyr/drivers/gpio/libdrivers__gpio.a(gpio_stm32.c.obj)
 .text.gpio_stm32_port_set_bits_raw
                0x000000000800530e        0xa zephyr/drivers/gpio/libdrivers__gpio.a(gpio_stm32.c.obj)
 .text.gpio_stm32_port_clear_bits_raw
                0x0000000008005318        0xa zephyr/drivers/gpio/libdrivers__gpio.a(gpio_stm32.c.obj)
 .text.gpio_stm32_port_toggle_bits
                0x0000000008005322        0xe zephyr/drivers/gpio/libdrivers__gpio.a(gpio_stm32.c.obj)
 .text.gpio_stm32_manage_callback
                0x0000000008005330       0x52 zephyr/drivers/gpio/libdrivers__gpio.a(gpio_stm32.c.obj)
 .text.LL_GPIO_SetPinMode
                0x0000000008005382       0x2c zephyr/drivers/gpio/libdrivers__gpio.a(gpio_stm32.c.obj)
 .text.LL_GPIO_SetPinSpeed
                0x00000000080053ae       0x2c zephyr/drivers/gpio/libdrivers__gpio.a(gpio_stm32.c.obj)
 .text.LL_GPIO_SetPinOutputType
                0x00000000080053da       0x2c zephyr/drivers/gpio/libdrivers__gpio.a(gpio_stm32.c.obj)
 .text.gpio_stm32_isr
                0x0000000008005406       0x2c zephyr/drivers/gpio/libdrivers__gpio.a(gpio_stm32.c.obj)
 .text.gpio_stm32_configure_raw.constprop.0.isra.0
                0x0000000008005432       0xaa zephyr/drivers/gpio/libdrivers__gpio.a(gpio_stm32.c.obj)
 .text.gpio_stm32_config
                0x00000000080054dc       0xf2 zephyr/drivers/gpio/libdrivers__gpio.a(gpio_stm32.c.obj)
 .text.gpio_stm32_configure
                0x00000000080055ce       0x2a zephyr/drivers/gpio/libdrivers__gpio.a(gpio_stm32.c.obj)
                0x00000000080055ce                gpio_stm32_configure
 .text.pinctrl_lookup_state
                0x00000000080055f8       0x26 zephyr/drivers/pinctrl/libdrivers__pinctrl.a(common.c.obj)
                0x00000000080055f8                pinctrl_lookup_state
 .text.reset_stm32_status
                0x000000000800561e       0x20 zephyr/drivers/reset/libdrivers__reset.a(reset_stm32.c.obj)
 .text.reset_stm32_line_assert
                0x000000000800563e       0x1c zephyr/drivers/reset/libdrivers__reset.a(reset_stm32.c.obj)
 .text.reset_stm32_line_deassert
                0x000000000800565a       0x1e zephyr/drivers/reset/libdrivers__reset.a(reset_stm32.c.obj)
 .text.reset_stm32_line_toggle
                0x0000000008005678       0x16 zephyr/drivers/reset/libdrivers__reset.a(reset_stm32.c.obj)
 .text.LL_USART_ClearFlag_PE
                0x000000000800568e       0x12 zephyr/drivers/serial/libdrivers__serial.a(uart_stm32.c.obj)
 .text.uart_stm32_err_check
                0x00000000080056a0       0x5e zephyr/drivers/serial/libdrivers__serial.a(uart_stm32.c.obj)
 .text.uart_stm32_poll_out
                0x00000000080056fe       0x36 zephyr/drivers/serial/libdrivers__serial.a(uart_stm32.c.obj)
 .text.uart_stm32_poll_in
                0x0000000008005734       0x22 zephyr/drivers/serial/libdrivers__serial.a(uart_stm32.c.obj)
 .text.uart_stm32_config_get
                0x0000000008005756       0x8e zephyr/drivers/serial/libdrivers__serial.a(uart_stm32.c.obj)
 .text.do_device_init
                0x00000000080057e4       0x30 zephyr/kernel/libkernel.a(device.c.obj)
                0x00000000080057e4                do_device_init
 .text.z_impl_device_is_ready
                0x0000000008005814       0x16 zephyr/kernel/libkernel.a(device.c.obj)
                0x0000000008005814                z_impl_device_is_ready
 .text.arch_system_halt
                0x000000000800582a       0x10 zephyr/kernel/libkernel.a(fatal.c.obj)
                0x000000000800582a                arch_system_halt
 .text.idle     0x000000000800583a       0x16 zephyr/kernel/libkernel.a(idle.c.obj)
                0x000000000800583a                idle
 .text.z_impl_k_sem_init
                0x0000000008005850       0x18 zephyr/kernel/libkernel.a(sem.c.obj)
                0x0000000008005850                z_impl_k_sem_init
 .text.k_is_in_isr
                0x0000000008005868        0xc zephyr/kernel/libkernel.a(thread.c.obj)
                0x0000000008005868                k_is_in_isr
 .text.z_impl_k_thread_name_set
                0x0000000008005874        0x6 zephyr/kernel/libkernel.a(thread.c.obj)
                0x0000000008005874                z_impl_k_thread_name_set
 .text.k_thread_name_get
                0x000000000800587a        0x4 zephyr/kernel/libkernel.a(thread.c.obj)
                0x000000000800587a                k_thread_name_get
 .text.sys_dlist_remove
                0x000000000800587e       0x10 zephyr/kernel/libkernel.a(sched.c.obj)
 .text.unpend_thread_no_timeout
                0x000000000800588e       0x14 zephyr/kernel/libkernel.a(sched.c.obj)
 .text.add_to_waitq_locked
                0x00000000080058a2       0x50 zephyr/kernel/libkernel.a(sched.c.obj)
 .text.z_ready_thread
                0x00000000080058f2       0x1e zephyr/kernel/libkernel.a(sched.c.obj)
                0x00000000080058f2                z_ready_thread
 .text.z_unpend_thread_no_timeout
                0x0000000008005910       0x22 zephyr/kernel/libkernel.a(sched.c.obj)
                0x0000000008005910                z_unpend_thread_no_timeout
 .text.z_sched_wake_thread
                0x0000000008005932       0x3a zephyr/kernel/libkernel.a(sched.c.obj)
                0x0000000008005932                z_sched_wake_thread
 .text.z_thread_timeout
                0x000000000800596c        0x8 zephyr/kernel/libkernel.a(sched.c.obj)
                0x000000000800596c                z_thread_timeout
 .text.z_unpend1_no_timeout
                0x0000000008005974       0x2c zephyr/kernel/libkernel.a(sched.c.obj)
                0x0000000008005974                z_unpend1_no_timeout
 .text.z_impl_k_sleep
                0x00000000080059a0       0x50 zephyr/kernel/libkernel.a(sched.c.obj)
                0x00000000080059a0                z_impl_k_sleep
 .text.next_timeout
                0x00000000080059f0       0x2e zephyr/kernel/libkernel.a(timeout.c.obj)
 .text.z_abort_timeout
                0x0000000008005a1e       0x50 zephyr/kernel/libkernel.a(timeout.c.obj)
                0x0000000008005a1e                z_abort_timeout
 .text.sys_clock_tick_get_32
                0x0000000008005a6e        0x8 zephyr/kernel/libkernel.a(timeout.c.obj)
                0x0000000008005a6e                sys_clock_tick_get_32
 .text.z_impl_k_uptime_ticks
                0x0000000008005a76        0x4 zephyr/kernel/libkernel.a(timeout.c.obj)
                0x0000000008005a76                z_impl_k_uptime_ticks
 .text.k_timer_init
                0x0000000008005a7a       0x18 zephyr/kernel/libkernel.a(timer.c.obj)
                0x0000000008005a7a                k_timer_init
 .text.z_impl_k_timer_stop
                0x0000000008005a92       0x38 zephyr/kernel/libkernel.a(timer.c.obj)
                0x0000000008005a92                z_impl_k_timer_stop
 .text.memcpy   0x0000000008005aca       0x1c c:\zephyr-sdk-0.17.4\arm-zephyr-eabi\bin\../lib/gcc/../../picolibc/arm-zephyr-eabi/lib/thumb/v7-m/nofp\libc.a(memcpy.c.o)
                0x0000000008005aca                __aeabi_memcpy
                0x0000000008005aca                __aeabi_memcpy4
                0x0000000008005aca                __aeabi_memcpy8
                0x0000000008005aca                memcpy
 .text.memset   0x0000000008005ae6       0x10 c:\zephyr-sdk-0.17.4\arm-zephyr-eabi\bin\../lib/gcc/../../picolibc/arm-zephyr-eabi/lib/thumb/v7-m/nofp\libc.a(memset.c.o)
                0x0000000008005ae6                memset
 .text.strnlen  0x0000000008005af6       0x18 c:\zephyr-sdk-0.17.4\arm-zephyr-eabi\bin\../lib/gcc/../../picolibc/arm-zephyr-eabi/lib/thumb/v7-m/nofp\libc.a(libc_string_strnlen.c.o)
                0x0000000008005af6                strnlen
 .text.__ultoa_invert
                0x0000000008005b0e       0xae c:\zephyr-sdk-0.17.4\arm-zephyr-eabi\bin\../lib/gcc/../../picolibc/arm-zephyr-eabi/lib/thumb/v7-m/nofp\libc.a(libc_tinystdio_vflprintf.c.o)
 .text.__file_str_put
                0x0000000008005bbc       0x10 c:\zephyr-sdk-0.17.4\arm-zephyr-eabi\bin\../lib/gcc/../../picolibc/arm-zephyr-eabi/lib/thumb/v7-m/nofp\libc.a(libc_tinystdio_filestrput.c.o)
                0x0000000008005bbc                __file_str_put
 *(SORT_BY_ALIGNMENT(.TEXT.*))
 .TEXT.__aeabi_read_tp
                0x0000000008005bcc        0xc zephyr/arch/arch/arm/core/cortex_m/libarch__arm__core__cortex_m.a(__aeabi_read_tp.S.obj)
                0x0000000008005bcc                __aeabi_read_tp
 *(SORT_BY_ALIGNMENT(.gnu.linkonce.t.*))
 *(SORT_BY_ALIGNMENT(.glue_7t))
 .glue_7t       0x0000000008005bd8        0x0 linker stubs
 *(SORT_BY_ALIGNMENT(.glue_7))
 .glue_7        0x0000000008005bd8        0x0 linker stubs
 *(SORT_BY_ALIGNMENT(.vfp11_veneer))
 .vfp11_veneer  0x0000000008005bd8        0x0 linker stubs
 *(SORT_BY_ALIGNMENT(.v4_bx))
 .v4_bx         0x0000000008005bd8        0x0 linker stubs
                0x0000000008005bd8                . = ALIGN (0x4)
                0x0000000008005bd8                __text_region_end = .

.ARM.exidx      0x0000000008005bd8        0x8
                0x0000000008005bd8                __exidx_start = .
 *(SORT_BY_ALIGNMENT(.ARM.exidx*) SORT_BY_ALIGNMENT(gnu.linkonce.armexidx.*))
 .ARM.exidx     0x0000000008005bd8        0x8 c:/zephyr-sdk-0.17.4/arm-zephyr-eabi/bin/../lib/gcc/arm-zephyr-eabi/12.2.0/thumb/v7-m/nofp\libgcc.a(_udivmoddi4.o)
                0x0000000008005be0                __exidx_end = .
                0x0000000008005be0                __rodata_region_start = .

initlevel       0x0000000008005be0       0x88
                0x0000000008005be0                __init_start = .
                0x0000000008005be0                __init_EARLY_start = .
 *(SORT_BY_NAME(SORT_BY_ALIGNMENT(.z_init_EARLY_P_?_*)))
 *(SORT_BY_NAME(SORT_BY_ALIGNMENT(.z_init_EARLY_P_??_*)))
 *(SORT_BY_NAME(SORT_BY_ALIGNMENT(.z_init_EARLY_P_???_*)))
                0x0000000008005be0                __init_PRE_KERNEL_1_start = .
 *(SORT_BY_NAME(SORT_BY_ALIGNMENT(.z_init_PRE_KERNEL_1_P_?_*)))
 .z_init_PRE_KERNEL_1_P_1_SUB_00009_
                0x0000000008005be0        0x8 zephyr/drivers/clock_control/libdrivers__clock_control.a(clock_stm32_ll_common.c.obj)
 .z_init_PRE_KERNEL_1_P_1_SUB_0_
                0x0000000008005be8        0x8 zephyr/libzephyr.a(soc_config.c.obj)
 *(SORT_BY_NAME(SORT_BY_ALIGNMENT(.z_init_PRE_KERNEL_1_P_??_*)))
 .z_init_PRE_KERNEL_1_P_35_SUB_00047_
                0x0000000008005bf0        0x8 zephyr/drivers/reset/libdrivers__reset.a(reset_stm32.c.obj)
 .z_init_PRE_KERNEL_1_P_40_SUB_00031_
                0x0000000008005bf8        0x8 zephyr/drivers/gpio/libdrivers__gpio.a(gpio_stm32.c.obj)
 .z_init_PRE_KERNEL_1_P_40_SUB_00034_
                0x0000000008005c00        0x8 zephyr/drivers/gpio/libdrivers__gpio.a(gpio_stm32.c.obj)
 .z_init_PRE_KERNEL_1_P_40_SUB_00043_
                0x0000000008005c08        0x8 zephyr/drivers/interrupt_controller/libdrivers__interrupt_controller.a(intc_exti_stm32.c.obj)
 .z_init_PRE_KERNEL_1_P_40_SUB_00060_
                0x0000000008005c10        0x8 zephyr/drivers/gpio/libdrivers__gpio.a(gpio_stm32.c.obj)
 .z_init_PRE_KERNEL_1_P_40_SUB_00074_
                0x0000000008005c18        0x8 zephyr/drivers/gpio/libdrivers__gpio.a(gpio_stm32.c.obj)
 .z_init_PRE_KERNEL_1_P_40_SUB_00075_
                0x0000000008005c20        0x8 zephyr/drivers/gpio/libdrivers__gpio.a(gpio_stm32.c.obj)
 .z_init_PRE_KERNEL_1_P_40_SUB_0_
                0x0000000008005c28        0x8 zephyr/drivers/interrupt_controller/libdrivers__interrupt_controller.a(intc_gpio_stm32.c.obj)
 .z_init_PRE_KERNEL_1_P_50_SUB_00048_
                0x0000000008005c30        0x8 zephyr/drivers/serial/libdrivers__serial.a(uart_stm32.c.obj)
 .z_init_PRE_KERNEL_1_P_50_SUB_00054_
                0x0000000008005c38        0x8 zephyr/drivers/serial/libdrivers__serial.a(uart_stm32.c.obj)
 .z_init_PRE_KERNEL_1_P_60_SUB_0_
                0x0000000008005c40        0x8 zephyr/drivers/console/libdrivers__console.a(uart_console.c.obj)
 *(SORT_BY_NAME(SORT_BY_ALIGNMENT(.z_init_PRE_KERNEL_1_P_???_*)))
                0x0000000008005c48                __init_PRE_KERNEL_2_start = .
 *(SORT_BY_NAME(SORT_BY_ALIGNMENT(.z_init_PRE_KERNEL_2_P_?_*)))
 .z_init_PRE_KERNEL_2_P_0_SUB_0_
                0x0000000008005c48        0x8 zephyr/drivers/timer/libdrivers__timer.a(cortex_m_systick.c.obj)
 *(SORT_BY_NAME(SORT_BY_ALIGNMENT(.z_init_PRE_KERNEL_2_P_??_*)))
 *(SORT_BY_NAME(SORT_BY_ALIGNMENT(.z_init_PRE_KERNEL_2_P_???_*)))
                0x0000000008005c50                __init_POST_KERNEL_start = .
 *(SORT_BY_NAME(SORT_BY_ALIGNMENT(.z_init_POST_KERNEL_P_?_*)))
 .z_init_POST_KERNEL_P_0_SUB_0_
                0x0000000008005c50        0x8 zephyr/libzephyr.a(log_core.c.obj)
 *(SORT_BY_NAME(SORT_BY_ALIGNMENT(.z_init_POST_KERNEL_P_??_*)))
 .z_init_POST_KERNEL_P_35_SUB_0_
                0x0000000008005c58        0x8 zephyr/lib/libc/common/liblib__libc__common.a(malloc.c.obj)
 .z_init_POST_KERNEL_P_50_SUB_00013_
                0x0000000008005c60        0x8 zephyr/drivers/adc/libdrivers__adc.a(adc_stm32.c.obj)
 *(SORT_BY_NAME(SORT_BY_ALIGNMENT(.z_init_POST_KERNEL_P_???_*)))
                0x0000000008005c68                __init_APPLICATION_start = .
 *(SORT_BY_NAME(SORT_BY_ALIGNMENT(.z_init_APPLICATION_P_?_*)))
 *(SORT_BY_NAME(SORT_BY_ALIGNMENT(.z_init_APPLICATION_P_??_*)))
 *(SORT_BY_NAME(SORT_BY_ALIGNMENT(.z_init_APPLICATION_P_???_*)))
                0x0000000008005c68                __init_SMP_start = .
 *(SORT_BY_NAME(SORT_BY_ALIGNMENT(.z_init_SMP_P_?_*)))
 *(SORT_BY_NAME(SORT_BY_ALIGNMENT(.z_init_SMP_P_??_*)))
 *(SORT_BY_NAME(SORT_BY_ALIGNMENT(.z_init_SMP_P_???_*)))
                0x0000000008005c68                __init_end = .

device_area     0x0000000008005c68      0x160
                0x0000000008005c68                _device_list_start = .
 *(SORT_BY_NAME(SORT_BY_ALIGNMENT(._device.static.*_?_*)))
 ._device.static.1_1_
                0x0000000008005c68       0x20 zephyr/drivers/clock_control/libdrivers__clock_control.a(clock_stm32_ll_common.c.obj)
                0x0000000008005c68                __device_dts_ord_9
 *(SORT_BY_NAME(SORT_BY_ALIGNMENT(._device.static.*_??_*)))
 ._device.static.1_35_
                0x0000000008005c88       0x20 zephyr/drivers/reset/libdrivers__reset.a(reset_stm32.c.obj)
                0x0000000008005c88                __device_dts_ord_47
 ._device.static.1_40_
                0x0000000008005ca8       0x20 zephyr/drivers/interrupt_controller/libdrivers__interrupt_controller.a(intc_exti_stm32.c.obj)
                0x0000000008005ca8                __device_dts_ord_43
 ._device.static.1_40_
                0x0000000008005cc8       0xa0 zephyr/drivers/gpio/libdrivers__gpio.a(gpio_stm32.c.obj)
                0x0000000008005cc8                __device_dts_ord_75
                0x0000000008005ce8                __device_dts_ord_74
                0x0000000008005d08                __device_dts_ord_31
                0x0000000008005d28                __device_dts_ord_60
                0x0000000008005d48                __device_dts_ord_34
 ._device.static.1_50_
                0x0000000008005d68       0x40 zephyr/drivers/serial/libdrivers__serial.a(uart_stm32.c.obj)
                0x0000000008005d68                __device_dts_ord_48
                0x0000000008005d88                __device_dts_ord_54
 ._device.static.3_50_
                0x0000000008005da8       0x20 zephyr/drivers/adc/libdrivers__adc.a(adc_stm32.c.obj)
                0x0000000008005da8                __device_dts_ord_13
 *(SORT_BY_NAME(SORT_BY_ALIGNMENT(._device.static.*_???_*)))
 *(SORT_BY_NAME(SORT_BY_ALIGNMENT(._device.static.*_????_*)))
 *(SORT_BY_NAME(SORT_BY_ALIGNMENT(._device.static.*_?????_*)))
                0x0000000008005dc8                _device_list_end = .

sw_isr_table    0x0000000008005dc8      0x158
                0x0000000008005dc8                . = ALIGN (0x4)
 *(SORT_BY_ALIGNMENT(.gnu.linkonce.sw_isr_table*))
 .gnu.linkonce.sw_isr_table
                0x0000000008005dc8      0x158 zephyr/arch/common/libisr_tables.a(isr_tables.c.obj)
                0x0000000008005dc8                _sw_isr_table

initlevel_error
                0x0000000008005be0        0x0
 *(SORT_BY_NAME(SORT_BY_ALIGNMENT(.z_init_*)))
                0x0000000000000001                ASSERT ((SIZEOF (initlevel_error) == 0x0), Undefined initialization levels used.)

app_shmem_regions
                0x0000000008005f20        0x0
                0x0000000008005f20                __app_shmem_regions_start = .
 *(SORT_BY_NAME(SORT_BY_ALIGNMENT(.app_regions.*)))
                0x0000000008005f20                __app_shmem_regions_end = .

k_p4wq_initparam_area
                0x0000000008005f20        0x0
                0x0000000008005f20                _k_p4wq_initparam_list_start = .
 *(SORT_BY_NAME(SORT_BY_ALIGNMENT(._k_p4wq_initparam.static.*)))
                0x0000000008005f20                _k_p4wq_initparam_list_end = .

_static_thread_data_area
                0x0000000008005f20        0x0
                0x0000000008005f20                __static_thread_data_list_start = .
 *(SORT_BY_NAME(SORT_BY_ALIGNMENT(.__static_thread_data.static.*)))
                0x0000000008005f20                __static_thread_data_list_end = .

device_deps     0x0000000008005f20        0x0
                0x0000000008005f20                __device_deps_start = .
 *(SORT_BY_NAME(SORT_BY_ALIGNMENT(.__device_deps_pass2*)))
                0x0000000008005f20                __device_deps_end = .

adc_driver_api_area
                0x0000000008005f20        0xc
                0x0000000008005f20                _adc_driver_api_list_start = .
 *(SORT_BY_NAME(SORT_BY_ALIGNMENT(._adc_driver_api.static.*)))
 ._adc_driver_api.static.api_stm32_driver_api_
                0x0000000008005f20        0xc zephyr/drivers/adc/libdrivers__adc.a(adc_stm32.c.obj)
                0x0000000008005f2c                _adc_driver_api_list_end = .

gpio_driver_api_area
                0x0000000008005f2c       0x24
                0x0000000008005f2c                _gpio_driver_api_list_start = .
 *(SORT_BY_NAME(SORT_BY_ALIGNMENT(._gpio_driver_api.static.*)))
 ._gpio_driver_api.static.gpio_stm32_driver_
                0x0000000008005f2c       0x24 zephyr/drivers/gpio/libdrivers__gpio.a(gpio_stm32.c.obj)
                0x0000000008005f50                _gpio_driver_api_list_end = .

reset_driver_api_area
                0x0000000008005f50       0x10
                0x0000000008005f50                _reset_driver_api_list_start = .
 *(SORT_BY_NAME(SORT_BY_ALIGNMENT(._reset_driver_api.static.*)))
 ._reset_driver_api.static.reset_stm32_driver_api_
                0x0000000008005f50       0x10 zephyr/drivers/reset/libdrivers__reset.a(reset_stm32.c.obj)
                0x0000000008005f60                _reset_driver_api_list_end = .

shared_irq_driver_api_area
                0x0000000008005f60        0x0
                0x0000000008005f60                _shared_irq_driver_api_list_start = .
 *(SORT_BY_NAME(SORT_BY_ALIGNMENT(._shared_irq_driver_api.static.*)))
                0x0000000008005f60                _shared_irq_driver_api_list_end = .

crypto_driver_api_area
                0x0000000008005f60        0x0
                0x0000000008005f60                _crypto_driver_api_list_start = .
 *(SORT_BY_NAME(SORT_BY_ALIGNMENT(._crypto_driver_api.static.*)))
                0x0000000008005f60                _crypto_driver_api_list_end = .

auxdisplay_driver_api_area
                0x0000000008005f60        0x0
                0x0000000008005f60                _auxdisplay_driver_api_list_start = .
 *(SORT_BY_NAME(SORT_BY_ALIGNMENT(._auxdisplay_driver_api.static.*)))
                0x0000000008005f60                _auxdisplay_driver_api_list_end = .

bbram_driver_api_area
                0x0000000008005f60        0x0
                0x0000000008005f60                _bbram_driver_api_list_start = .
 *(SORT_BY_NAME(SORT_BY_ALIGNMENT(._bbram_driver_api.static.*)))
                0x0000000008005f60                _bbram_driver_api_list_end = .

bt_hci_driver_api_area
                0x0000000008005f60        0x0
                0x0000000008005f60                _bt_hci_driver_api_list_start = .
 *(SORT_BY_NAME(SORT_BY_ALIGNMENT(._bt_hci_driver_api.static.*)))
                0x0000000008005f60                _bt_hci_driver_api_list_end = .

can_driver_api_area
                0x0000000008005f60        0x0
                0x0000000008005f60                _can_driver_api_list_start = .
 *(SORT_BY_NAME(SORT_BY_ALIGNMENT(._can_driver_api.static.*)))
                0x0000000008005f60                _can_driver_api_list_end = .

cellular_driver_api_area
                0x0000000008005f60        0x0
                0x0000000008005f60                _cellular_driver_api_list_start = .
 *(SORT_BY_NAME(SORT_BY_ALIGNMENT(._cellular_driver_api.static.*)))
                0x0000000008005f60                _cellular_driver_api_list_end = .

charger_driver_api_area
                0x0000000008005f60        0x0
                0x0000000008005f60                _charger_driver_api_list_start = .
 *(SORT_BY_NAME(SORT_BY_ALIGNMENT(._charger_driver_api.static.*)))
                0x0000000008005f60                _charger_driver_api_list_end = .

clock_control_driver_api_area
                0x0000000008005f60       0x1c
                0x0000000008005f60                _clock_control_driver_api_list_start = .
 *(SORT_BY_NAME(SORT_BY_ALIGNMENT(._clock_control_driver_api.static.*)))
 ._clock_control_driver_api.static.stm32_clock_control_api_
                0x0000000008005f60       0x1c zephyr/drivers/clock_control/libdrivers__clock_control.a(clock_stm32_ll_common.c.obj)
                0x0000000008005f7c                _clock_control_driver_api_list_end = .

comparator_driver_api_area
                0x0000000008005f7c        0x0
                0x0000000008005f7c                _comparator_driver_api_list_start = .
 *(SORT_BY_NAME(SORT_BY_ALIGNMENT(._comparator_driver_api.static.*)))
                0x0000000008005f7c                _comparator_driver_api_list_end = .

coredump_driver_api_area
                0x0000000008005f7c        0x0
                0x0000000008005f7c                _coredump_driver_api_list_start = .
 *(SORT_BY_NAME(SORT_BY_ALIGNMENT(._coredump_driver_api.static.*)))
                0x0000000008005f7c                _coredump_driver_api_list_end = .

counter_driver_api_area
                0x0000000008005f7c        0x0
                0x0000000008005f7c                _counter_driver_api_list_start = .
 *(SORT_BY_NAME(SORT_BY_ALIGNMENT(._counter_driver_api.static.*)))
                0x0000000008005f7c                _counter_driver_api_list_end = .

crc_driver_api_area
                0x0000000008005f7c        0x0
                0x0000000008005f7c                _crc_driver_api_list_start = .
 *(SORT_BY_NAME(SORT_BY_ALIGNMENT(._crc_driver_api.static.*)))
                0x0000000008005f7c                _crc_driver_api_list_end = .

dac_driver_api_area
                0x0000000008005f7c        0x0
                0x0000000008005f7c                _dac_driver_api_list_start = .
 *(SORT_BY_NAME(SORT_BY_ALIGNMENT(._dac_driver_api.static.*)))
                0x0000000008005f7c                _dac_driver_api_list_end = .

dai_driver_api_area
                0x0000000008005f7c        0x0
                0x0000000008005f7c                _dai_driver_api_list_start = .
 *(SORT_BY_NAME(SORT_BY_ALIGNMENT(._dai_driver_api.static.*)))
                0x0000000008005f7c                _dai_driver_api_list_end = .

display_driver_api_area
                0x0000000008005f7c        0x0
                0x0000000008005f7c                _display_driver_api_list_start = .
 *(SORT_BY_NAME(SORT_BY_ALIGNMENT(._display_driver_api.static.*)))
                0x0000000008005f7c                _display_driver_api_list_end = .

dma_driver_api_area
                0x0000000008005f7c        0x0
                0x0000000008005f7c                _dma_driver_api_list_start = .
 *(SORT_BY_NAME(SORT_BY_ALIGNMENT(._dma_driver_api.static.*)))
                0x0000000008005f7c                _dma_driver_api_list_end = .

edac_driver_api_area
                0x0000000008005f7c        0x0
                0x0000000008005f7c                _edac_driver_api_list_start = .
 *(SORT_BY_NAME(SORT_BY_ALIGNMENT(._edac_driver_api.static.*)))
                0x0000000008005f7c                _edac_driver_api_list_end = .

eeprom_driver_api_area
                0x0000000008005f7c        0x0
                0x0000000008005f7c                _eeprom_driver_api_list_start = .
 *(SORT_BY_NAME(SORT_BY_ALIGNMENT(._eeprom_driver_api.static.*)))
                0x0000000008005f7c                _eeprom_driver_api_list_end = .

emul_bbram_driver_api_area
                0x0000000008005f7c        0x0
                0x0000000008005f7c                _emul_bbram_driver_api_list_start = .
 *(SORT_BY_NAME(SORT_BY_ALIGNMENT(._emul_bbram_driver_api.static.*)))
                0x0000000008005f7c                _emul_bbram_driver_api_list_end = .

fuel_gauge_emul_driver_api_area
                0x0000000008005f7c        0x0
                0x0000000008005f7c                _fuel_gauge_emul_driver_api_list_start = .
 *(SORT_BY_NAME(SORT_BY_ALIGNMENT(._fuel_gauge_emul_driver_api.static.*)))
                0x0000000008005f7c                _fuel_gauge_emul_driver_api_list_end = .

emul_sensor_driver_api_area
                0x0000000008005f7c        0x0
                0x0000000008005f7c                _emul_sensor_driver_api_list_start = .
 *(SORT_BY_NAME(SORT_BY_ALIGNMENT(._emul_sensor_driver_api.static.*)))
                0x0000000008005f7c                _emul_sensor_driver_api_list_end = .

entropy_driver_api_area
                0x0000000008005f7c        0x0
                0x0000000008005f7c                _entropy_driver_api_list_start = .
 *(SORT_BY_NAME(SORT_BY_ALIGNMENT(._entropy_driver_api.static.*)))
                0x0000000008005f7c                _entropy_driver_api_list_end = .

espi_driver_api_area
                0x0000000008005f7c        0x0
                0x0000000008005f7c                _espi_driver_api_list_start = .
 *(SORT_BY_NAME(SORT_BY_ALIGNMENT(._espi_driver_api.static.*)))
                0x0000000008005f7c                _espi_driver_api_list_end = .

espi_saf_driver_api_area
                0x0000000008005f7c        0x0
                0x0000000008005f7c                _espi_saf_driver_api_list_start = .
 *(SORT_BY_NAME(SORT_BY_ALIGNMENT(._espi_saf_driver_api.static.*)))
                0x0000000008005f7c                _espi_saf_driver_api_list_end = .

flash_driver_api_area
                0x0000000008005f7c        0x0
                0x0000000008005f7c                _flash_driver_api_list_start = .
 *(SORT_BY_NAME(SORT_BY_ALIGNMENT(._flash_driver_api.static.*)))
                0x0000000008005f7c                _flash_driver_api_list_end = .

fpga_driver_api_area
                0x0000000008005f7c        0x0
                0x0000000008005f7c                _fpga_driver_api_list_start = .
 *(SORT_BY_NAME(SORT_BY_ALIGNMENT(._fpga_driver_api.static.*)))
                0x0000000008005f7c                _fpga_driver_api_list_end = .

fuel_gauge_driver_api_area
                0x0000000008005f7c        0x0
                0x0000000008005f7c                _fuel_gauge_driver_api_list_start = .
 *(SORT_BY_NAME(SORT_BY_ALIGNMENT(._fuel_gauge_driver_api.static.*)))
                0x0000000008005f7c                _fuel_gauge_driver_api_list_end = .

gnss_driver_api_area
                0x0000000008005f7c        0x0
                0x0000000008005f7c                _gnss_driver_api_list_start = .
 *(SORT_BY_NAME(SORT_BY_ALIGNMENT(._gnss_driver_api.static.*)))
                0x0000000008005f7c                _gnss_driver_api_list_end = .

haptics_driver_api_area
                0x0000000008005f7c        0x0
                0x0000000008005f7c                _haptics_driver_api_list_start = .
 *(SORT_BY_NAME(SORT_BY_ALIGNMENT(._haptics_driver_api.static.*)))
                0x0000000008005f7c                _haptics_driver_api_list_end = .

hwspinlock_driver_api_area
                0x0000000008005f7c        0x0
                0x0000000008005f7c                _hwspinlock_driver_api_list_start = .
 *(SORT_BY_NAME(SORT_BY_ALIGNMENT(._hwspinlock_driver_api.static.*)))
                0x0000000008005f7c                _hwspinlock_driver_api_list_end = .

i2c_driver_api_area
                0x0000000008005f7c        0x0
                0x0000000008005f7c                _i2c_driver_api_list_start = .
 *(SORT_BY_NAME(SORT_BY_ALIGNMENT(._i2c_driver_api.static.*)))
                0x0000000008005f7c                _i2c_driver_api_list_end = .

i2c_target_driver_api_area
                0x0000000008005f7c        0x0
                0x0000000008005f7c                _i2c_target_driver_api_list_start = .
 *(SORT_BY_NAME(SORT_BY_ALIGNMENT(._i2c_target_driver_api.static.*)))
                0x0000000008005f7c                _i2c_target_driver_api_list_end = .

i2s_driver_api_area
                0x0000000008005f7c        0x0
                0x0000000008005f7c                _i2s_driver_api_list_start = .
 *(SORT_BY_NAME(SORT_BY_ALIGNMENT(._i2s_driver_api.static.*)))
                0x0000000008005f7c                _i2s_driver_api_list_end = .

i3c_driver_api_area
                0x0000000008005f7c        0x0
                0x0000000008005f7c                _i3c_driver_api_list_start = .
 *(SORT_BY_NAME(SORT_BY_ALIGNMENT(._i3c_driver_api.static.*)))
                0x0000000008005f7c                _i3c_driver_api_list_end = .

ipm_driver_api_area
                0x0000000008005f7c        0x0
                0x0000000008005f7c                _ipm_driver_api_list_start = .
 *(SORT_BY_NAME(SORT_BY_ALIGNMENT(._ipm_driver_api.static.*)))
                0x0000000008005f7c                _ipm_driver_api_list_end = .

led_driver_api_area
                0x0000000008005f7c        0x0
                0x0000000008005f7c                _led_driver_api_list_start = .
 *(SORT_BY_NAME(SORT_BY_ALIGNMENT(._led_driver_api.static.*)))
                0x0000000008005f7c                _led_driver_api_list_end = .

led_strip_driver_api_area
                0x0000000008005f7c        0x0
                0x0000000008005f7c                _led_strip_driver_api_list_start = .
 *(SORT_BY_NAME(SORT_BY_ALIGNMENT(._led_strip_driver_api.static.*)))
                0x0000000008005f7c                _led_strip_driver_api_list_end = .

lora_driver_api_area
                0x0000000008005f7c        0x0
                0x0000000008005f7c                _lora_driver_api_list_start = .
 *(SORT_BY_NAME(SORT_BY_ALIGNMENT(._lora_driver_api.static.*)))
                0x0000000008005f7c                _lora_driver_api_list_end = .

mbox_driver_api_area
                0x0000000008005f7c        0x0
                0x0000000008005f7c                _mbox_driver_api_list_start = .
 *(SORT_BY_NAME(SORT_BY_ALIGNMENT(._mbox_driver_api.static.*)))
                0x0000000008005f7c                _mbox_driver_api_list_end = .

mdio_driver_api_area
                0x0000000008005f7c        0x0
                0x0000000008005f7c                _mdio_driver_api_list_start = .
 *(SORT_BY_NAME(SORT_BY_ALIGNMENT(._mdio_driver_api.static.*)))
                0x0000000008005f7c                _mdio_driver_api_list_end = .

mipi_dbi_driver_api_area
                0x0000000008005f7c        0x0
                0x0000000008005f7c                _mipi_dbi_driver_api_list_start = .
 *(SORT_BY_NAME(SORT_BY_ALIGNMENT(._mipi_dbi_driver_api.static.*)))
                0x0000000008005f7c                _mipi_dbi_driver_api_list_end = .

mipi_dsi_driver_api_area
                0x0000000008005f7c        0x0
                0x0000000008005f7c                _mipi_dsi_driver_api_list_start = .
 *(SORT_BY_NAME(SORT_BY_ALIGNMENT(._mipi_dsi_driver_api.static.*)))
                0x0000000008005f7c                _mipi_dsi_driver_api_list_end = .

mspi_driver_api_area
                0x0000000008005f7c        0x0
                0x0000000008005f7c                _mspi_driver_api_list_start = .
 *(SORT_BY_NAME(SORT_BY_ALIGNMENT(._mspi_driver_api.static.*)))
                0x0000000008005f7c                _mspi_driver_api_list_end = .

peci_driver_api_area
                0x0000000008005f7c        0x0
                0x0000000008005f7c                _peci_driver_api_list_start = .
 *(SORT_BY_NAME(SORT_BY_ALIGNMENT(._peci_driver_api.static.*)))
                0x0000000008005f7c                _peci_driver_api_list_end = .

ps2_driver_api_area
                0x0000000008005f7c        0x0
                0x0000000008005f7c                _ps2_driver_api_list_start = .
 *(SORT_BY_NAME(SORT_BY_ALIGNMENT(._ps2_driver_api.static.*)))
                0x0000000008005f7c                _ps2_driver_api_list_end = .

ptp_clock_driver_api_area
                0x0000000008005f7c        0x0
                0x0000000008005f7c                _ptp_clock_driver_api_list_start = .
 *(SORT_BY_NAME(SORT_BY_ALIGNMENT(._ptp_clock_driver_api.static.*)))
                0x0000000008005f7c                _ptp_clock_driver_api_list_end = .

pwm_driver_api_area
                0x0000000008005f7c        0x0
                0x0000000008005f7c                _pwm_driver_api_list_start = .
 *(SORT_BY_NAME(SORT_BY_ALIGNMENT(._pwm_driver_api.static.*)))
                0x0000000008005f7c                _pwm_driver_api_list_end = .

regulator_parent_driver_api_area
                0x0000000008005f7c        0x0
                0x0000000008005f7c                _regulator_parent_driver_api_list_start = .
 *(SORT_BY_NAME(SORT_BY_ALIGNMENT(._regulator_parent_driver_api.static.*)))
                0x0000000008005f7c                _regulator_parent_driver_api_list_end = .

regulator_driver_api_area
                0x0000000008005f7c        0x0
                0x0000000008005f7c                _regulator_driver_api_list_start = .
 *(SORT_BY_NAME(SORT_BY_ALIGNMENT(._regulator_driver_api.static.*)))
                0x0000000008005f7c                _regulator_driver_api_list_end = .

retained_mem_driver_api_area
                0x0000000008005f7c        0x0
                0x0000000008005f7c                _retained_mem_driver_api_list_start = .
 *(SORT_BY_NAME(SORT_BY_ALIGNMENT(._retained_mem_driver_api.static.*)))
                0x0000000008005f7c                _retained_mem_driver_api_list_end = .

rtc_driver_api_area
                0x0000000008005f7c        0x0
                0x0000000008005f7c                _rtc_driver_api_list_start = .
 *(SORT_BY_NAME(SORT_BY_ALIGNMENT(._rtc_driver_api.static.*)))
                0x0000000008005f7c                _rtc_driver_api_list_end = .

sdhc_driver_api_area
                0x0000000008005f7c        0x0
                0x0000000008005f7c                _sdhc_driver_api_list_start = .
 *(SORT_BY_NAME(SORT_BY_ALIGNMENT(._sdhc_driver_api.static.*)))
                0x0000000008005f7c                _sdhc_driver_api_list_end = .

sensor_driver_api_area
                0x0000000008005f7c        0x0
                0x0000000008005f7c                _sensor_driver_api_list_start = .
 *(SORT_BY_NAME(SORT_BY_ALIGNMENT(._sensor_driver_api.static.*)))
                0x0000000008005f7c                _sensor_driver_api_list_end = .

smbus_driver_api_area
                0x0000000008005f7c        0x0
                0x0000000008005f7c                _smbus_driver_api_list_start = .
 *(SORT_BY_NAME(SORT_BY_ALIGNMENT(._smbus_driver_api.static.*)))
                0x0000000008005f7c                _smbus_driver_api_list_end = .

spi_driver_api_area
                0x0000000008005f7c        0x0
                0x0000000008005f7c                _spi_driver_api_list_start = .
 *(SORT_BY_NAME(SORT_BY_ALIGNMENT(._spi_driver_api.static.*)))
                0x0000000008005f7c                _spi_driver_api_list_end = .

stepper_driver_api_area
                0x0000000008005f7c        0x0
                0x0000000008005f7c                _stepper_driver_api_list_start = .
 *(SORT_BY_NAME(SORT_BY_ALIGNMENT(._stepper_driver_api.static.*)))
                0x0000000008005f7c                _stepper_driver_api_list_end = .

syscon_driver_api_area
                0x0000000008005f7c        0x0
                0x0000000008005f7c                _syscon_driver_api_list_start = .
 *(SORT_BY_NAME(SORT_BY_ALIGNMENT(._syscon_driver_api.static.*)))
                0x0000000008005f7c                _syscon_driver_api_list_end = .

tee_driver_api_area
                0x0000000008005f7c        0x0
                0x0000000008005f7c                _tee_driver_api_list_start = .
 *(SORT_BY_NAME(SORT_BY_ALIGNMENT(._tee_driver_api.static.*)))
                0x0000000008005f7c                _tee_driver_api_list_end = .

video_driver_api_area
                0x0000000008005f7c        0x0
                0x0000000008005f7c                _video_driver_api_list_start = .
 *(SORT_BY_NAME(SORT_BY_ALIGNMENT(._video_driver_api.static.*)))
                0x0000000008005f7c                _video_driver_api_list_end = .

virtio_driver_api_area
                0x0000000008005f7c        0x0
                0x0000000008005f7c                _virtio_driver_api_list_start = .
 *(SORT_BY_NAME(SORT_BY_ALIGNMENT(._virtio_driver_api.static.*)))
                0x0000000008005f7c                _virtio_driver_api_list_end = .

w1_driver_api_area
                0x0000000008005f7c        0x0
                0x0000000008005f7c                _w1_driver_api_list_start = .
 *(SORT_BY_NAME(SORT_BY_ALIGNMENT(._w1_driver_api.static.*)))
                0x0000000008005f7c                _w1_driver_api_list_end = .

wdt_driver_api_area
                0x0000000008005f7c        0x0
                0x0000000008005f7c                _wdt_driver_api_list_start = .
 *(SORT_BY_NAME(SORT_BY_ALIGNMENT(._wdt_driver_api.static.*)))
                0x0000000008005f7c                _wdt_driver_api_list_end = .

can_transceiver_driver_api_area
                0x0000000008005f7c        0x0
                0x0000000008005f7c                _can_transceiver_driver_api_list_start = .
 *(SORT_BY_NAME(SORT_BY_ALIGNMENT(._can_transceiver_driver_api.static.*)))
                0x0000000008005f7c                _can_transceiver_driver_api_list_end = .

nrf_clock_control_driver_api_area
                0x0000000008005f7c        0x0
                0x0000000008005f7c                _nrf_clock_control_driver_api_list_start = .
 *(SORT_BY_NAME(SORT_BY_ALIGNMENT(._nrf_clock_control_driver_api.static.*)))
                0x0000000008005f7c                _nrf_clock_control_driver_api_list_end = .

i3c_target_driver_api_area
                0x0000000008005f7c        0x0
                0x0000000008005f7c                _i3c_target_driver_api_list_start = .
 *(SORT_BY_NAME(SORT_BY_ALIGNMENT(._i3c_target_driver_api.static.*)))
                0x0000000008005f7c                _i3c_target_driver_api_list_end = .

its_driver_api_area
                0x0000000008005f7c        0x0
                0x0000000008005f7c                _its_driver_api_list_start = .
 *(SORT_BY_NAME(SORT_BY_ALIGNMENT(._its_driver_api.static.*)))
                0x0000000008005f7c                _its_driver_api_list_end = .

vtd_driver_api_area
                0x0000000008005f7c        0x0
                0x0000000008005f7c                _vtd_driver_api_list_start = .
 *(SORT_BY_NAME(SORT_BY_ALIGNMENT(._vtd_driver_api.static.*)))
                0x0000000008005f7c                _vtd_driver_api_list_end = .

renesas_elc_driver_api_area
                0x0000000008005f7c        0x0
                0x0000000008005f7c                _renesas_elc_driver_api_list_start = .
 *(SORT_BY_NAME(SORT_BY_ALIGNMENT(._renesas_elc_driver_api.static.*)))
                0x0000000008005f7c                _renesas_elc_driver_api_list_end = .

tgpio_driver_api_area
                0x0000000008005f7c        0x0
                0x0000000008005f7c                _tgpio_driver_api_list_start = .
 *(SORT_BY_NAME(SORT_BY_ALIGNMENT(._tgpio_driver_api.static.*)))
                0x0000000008005f7c                _tgpio_driver_api_list_end = .

pcie_ctrl_driver_api_area
                0x0000000008005f7c        0x0
                0x0000000008005f7c                _pcie_ctrl_driver_api_list_start = .
 *(SORT_BY_NAME(SORT_BY_ALIGNMENT(._pcie_ctrl_driver_api.static.*)))
                0x0000000008005f7c                _pcie_ctrl_driver_api_list_end = .

pcie_ep_driver_api_area
                0x0000000008005f7c        0x0
                0x0000000008005f7c                _pcie_ep_driver_api_list_start = .
 *(SORT_BY_NAME(SORT_BY_ALIGNMENT(._pcie_ep_driver_api.static.*)))
                0x0000000008005f7c                _pcie_ep_driver_api_list_end = .

psi5_driver_api_area
                0x0000000008005f7c        0x0
                0x0000000008005f7c                _psi5_driver_api_list_start = .
 *(SORT_BY_NAME(SORT_BY_ALIGNMENT(._psi5_driver_api.static.*)))
                0x0000000008005f7c                _psi5_driver_api_list_end = .

sent_driver_api_area
                0x0000000008005f7c        0x0
                0x0000000008005f7c                _sent_driver_api_list_start = .
 *(SORT_BY_NAME(SORT_BY_ALIGNMENT(._sent_driver_api.static.*)))
                0x0000000008005f7c                _sent_driver_api_list_end = .

svc_driver_api_area
                0x0000000008005f7c        0x0
                0x0000000008005f7c                _svc_driver_api_list_start = .
 *(SORT_BY_NAME(SORT_BY_ALIGNMENT(._svc_driver_api.static.*)))
                0x0000000008005f7c                _svc_driver_api_list_end = .

uart_driver_api_area
                0x0000000008005f7c       0x14
                0x0000000008005f7c                _uart_driver_api_list_start = .
 *(SORT_BY_NAME(SORT_BY_ALIGNMENT(._uart_driver_api.static.*)))
 ._uart_driver_api.static.uart_stm32_driver_api_
                0x0000000008005f7c       0x14 zephyr/drivers/serial/libdrivers__serial.a(uart_stm32.c.obj)
                0x0000000008005f90                _uart_driver_api_list_end = .

bc12_emul_driver_api_area
                0x0000000008005f90        0x0
                0x0000000008005f90                _bc12_emul_driver_api_list_start = .
 *(SORT_BY_NAME(SORT_BY_ALIGNMENT(._bc12_emul_driver_api.static.*)))
                0x0000000008005f90                _bc12_emul_driver_api_list_end = .

bc12_driver_api_area
                0x0000000008005f90        0x0
                0x0000000008005f90                _bc12_driver_api_list_start = .
 *(SORT_BY_NAME(SORT_BY_ALIGNMENT(._bc12_driver_api.static.*)))
                0x0000000008005f90                _bc12_driver_api_list_end = .

usbc_ppc_driver_api_area
                0x0000000008005f90        0x0
                0x0000000008005f90                _usbc_ppc_driver_api_list_start = .
 *(SORT_BY_NAME(SORT_BY_ALIGNMENT(._usbc_ppc_driver_api.static.*)))
                0x0000000008005f90                _usbc_ppc_driver_api_list_end = .

tcpc_driver_api_area
                0x0000000008005f90        0x0
                0x0000000008005f90                _tcpc_driver_api_list_start = .
 *(SORT_BY_NAME(SORT_BY_ALIGNMENT(._tcpc_driver_api.static.*)))
                0x0000000008005f90                _tcpc_driver_api_list_end = .

usbc_vbus_driver_api_area
                0x0000000008005f90        0x0
                0x0000000008005f90                _usbc_vbus_driver_api_list_start = .
 *(SORT_BY_NAME(SORT_BY_ALIGNMENT(._usbc_vbus_driver_api.static.*)))
                0x0000000008005f90                _usbc_vbus_driver_api_list_end = .

ivshmem_driver_api_area
                0x0000000008005f90        0x0
                0x0000000008005f90                _ivshmem_driver_api_list_start = .
 *(SORT_BY_NAME(SORT_BY_ALIGNMENT(._ivshmem_driver_api.static.*)))
                0x0000000008005f90                _ivshmem_driver_api_list_end = .

ethphy_driver_api_area
                0x0000000008005f90        0x0
                0x0000000008005f90                _ethphy_driver_api_list_start = .
 *(SORT_BY_NAME(SORT_BY_ALIGNMENT(._ethphy_driver_api.static.*)))
                0x0000000008005f90                _ethphy_driver_api_list_end = .

ztest           0x0000000008005f90        0x0
                0x0000000008005f90                _ztest_expected_result_entry_list_start = .
 *(SORT_BY_NAME(SORT_BY_ALIGNMENT(._ztest_expected_result_entry.static.*)))
                0x0000000008005f90                _ztest_expected_result_entry_list_end = .
                0x0000000008005f90                _ztest_suite_node_list_start = .
 *(SORT_BY_NAME(SORT_BY_ALIGNMENT(._ztest_suite_node.static.*)))
                0x0000000008005f90                _ztest_suite_node_list_end = .
                0x0000000008005f90                _ztest_unit_test_list_start = .
 *(SORT_BY_NAME(SORT_BY_ALIGNMENT(._ztest_unit_test.static.*)))
                0x0000000008005f90                _ztest_unit_test_list_end = .
                0x0000000008005f90                _ztest_test_rule_list_start = .
 *(SORT_BY_NAME(SORT_BY_ALIGNMENT(._ztest_test_rule.static.*)))
                0x0000000008005f90                _ztest_test_rule_list_end = .

init_array      0x0000000008005f90        0x0
                0x0000000008005f90                __zephyr_init_array_start = .
 *(SORT_BY_INIT_PRIORITY(.init_array.*) SORT_BY_INIT_PRIORITY(.ctors.*))
 *(SORT_BY_ALIGNMENT(.init_array) SORT_BY_ALIGNMENT(.ctors))
                0x0000000008005f90                __zephyr_init_array_end = .
                0x0000000000000001                ASSERT ((__zephyr_init_array_start == __zephyr_init_array_end), GNU-style constructors required but STATIC_INIT_GNU not enabled)

bt_l2cap_fixed_chan_area
                0x0000000008005f90        0x0
                0x0000000008005f90                _bt_l2cap_fixed_chan_list_start = .
 *(SORT_BY_NAME(SORT_BY_ALIGNMENT(._bt_l2cap_fixed_chan.static.*)))
                0x0000000008005f90                _bt_l2cap_fixed_chan_list_end = .

bt_gatt_service_static_area
                0x0000000008005f90        0x0
                0x0000000008005f90                _bt_gatt_service_static_list_start = .
 *(SORT_BY_NAME(SORT_BY_ALIGNMENT(._bt_gatt_service_static.static.*)))
                0x0000000008005f90                _bt_gatt_service_static_list_end = .

log_strings_area
                0x0000000008005f90        0x0
                0x0000000008005f90                _log_strings_list_start = .
 *(SORT_BY_NAME(SORT_BY_ALIGNMENT(._log_strings.static.*)))
                0x0000000008005f90                _log_strings_list_end = .

log_stmesp_ptr_area
                0x0000000008005f90        0x0
                0x0000000008005f90                _log_stmesp_ptr_list_start = .
 *(SORT_BY_NAME(SORT_BY_ALIGNMENT(._log_stmesp_ptr.static.*)))
                0x0000000008005f90                _log_stmesp_ptr_list_end = .

log_stmesp_str_area
                0x0000000008005f90        0x0
                0x0000000008005f90                _log_stmesp_str_list_start = .
 *(SORT_BY_NAME(SORT_BY_ALIGNMENT(._log_stmesp_str.static.*)))
                0x0000000008005f90                _log_stmesp_str_list_end = .

log_const_area  0x0000000008005f90       0x50
                0x0000000008005f90                _log_const_list_start = .
 *(SORT_BY_NAME(SORT_BY_ALIGNMENT(._log_const.static.*)))
 ._log_const.static.log_const_adc_stm32_
                0x0000000008005f90        0x8 zephyr/drivers/adc/libdrivers__adc.a(adc_stm32.c.obj)
                0x0000000008005f90                log_const_adc_stm32
 ._log_const.static.log_const_cbprintf_package_
                0x0000000008005f98        0x8 zephyr/libzephyr.a(cbprintf_packaged.c.obj)
                0x0000000008005f98                log_const_cbprintf_package
 ._log_const.static.log_const_exti_stm32_
                0x0000000008005fa0        0x8 zephyr/drivers/interrupt_controller/libdrivers__interrupt_controller.a(intc_exti_stm32.c.obj)
                0x0000000008005fa0                log_const_exti_stm32
 ._log_const.static.log_const_log_
                0x0000000008005fa8        0x8 zephyr/libzephyr.a(log_core.c.obj)
                0x0000000008005fa8                log_const_log
 ._log_const.static.log_const_log_mgmt_
                0x0000000008005fb0        0x8 zephyr/libzephyr.a(log_mgmt.c.obj)
                0x0000000008005fb0                log_const_log_mgmt
 ._log_const.static.log_const_log_uart_
                0x0000000008005fb8        0x8 zephyr/libzephyr.a(log_backend_uart.c.obj)
                0x0000000008005fb8                log_const_log_uart
 ._log_const.static.log_const_os_
                0x0000000008005fc0        0x8 zephyr/kernel/libkernel.a(init.c.obj)
                0x0000000008005fc0                log_const_os
 ._log_const.static.log_const_stm32_
                0x0000000008005fc8        0x8 zephyr/drivers/gpio/libdrivers__gpio.a(gpio_stm32.c.obj)
                0x0000000008005fc8                log_const_stm32
 ._log_const.static.log_const_stm32_backup_domain_
                0x0000000008005fd0        0x8 zephyr/libzephyr.a(stm32_backup_domain.c.obj)
                0x0000000008005fd0                log_const_stm32_backup_domain
 ._log_const.static.log_const_uart_stm32_
                0x0000000008005fd8        0x8 zephyr/drivers/serial/libdrivers__serial.a(uart_stm32.c.obj)
                0x0000000008005fd8                log_const_uart_stm32
                0x0000000008005fe0                _log_const_list_end = .

log_backend_area
                0x0000000008005fe0       0x10
                0x0000000008005fe0                _log_backend_list_start = .
 *(SORT_BY_NAME(SORT_BY_ALIGNMENT(._log_backend.static.*)))
 ._log_backend.static.log_backend_uart_
                0x0000000008005fe0       0x10 zephyr/libzephyr.a(log_backend_uart.c.obj)
                0x0000000008005ff0                _log_backend_list_end = .

log_link_area   0x0000000008005ff0        0x0
                0x0000000008005ff0                _log_link_list_start = .
 *(SORT_BY_NAME(SORT_BY_ALIGNMENT(._log_link.static.*)))
                0x0000000008005ff0                _log_link_list_end = .

tracing_backend_area
                0x0000000008005ff0        0x0
                0x0000000008005ff0                _tracing_backend_list_start = .
 *(SORT_BY_NAME(SORT_BY_ALIGNMENT(._tracing_backend.static.*)))
                0x0000000008005ff0                _tracing_backend_list_end = .

zephyr_dbg_info
 *(SORT_BY_ALIGNMENT(.dbg_thread_info))

intc_table_area
                0x0000000008005ff0        0x0
                0x0000000008005ff0                _intc_table_list_start = .
 *(SORT_BY_NAME(SORT_BY_ALIGNMENT(._intc_table.static.*)))
                0x0000000008005ff0                _intc_table_list_end = .

symbol_to_keep  0x0000000008005ff0        0x0
                0x0000000008005ff0                __symbol_to_keep_start = .
 *(SORT_BY_NAME(SORT_BY_ALIGNMENT(.symbol_to_keep*)))
                0x0000000008005ff0                __symbol_to_keep_end = .

shell_area      0x0000000008005ff0        0x0
                0x0000000008005ff0                _shell_list_start = .
 *(SORT_BY_NAME(SORT_BY_ALIGNMENT(._shell.static.*)))
                0x0000000008005ff0                _shell_list_end = .

shell_root_cmds_area
                0x0000000008005ff0        0x0
                0x0000000008005ff0                _shell_root_cmds_list_start = .
 *(SORT_BY_NAME(SORT_BY_ALIGNMENT(._shell_root_cmds.static.*)))
                0x0000000008005ff0                _shell_root_cmds_list_end = .

shell_subcmds_area
                0x0000000008005ff0        0x0
                0x0000000008005ff0                _shell_subcmds_list_start = .